[    0.000000] Initializing cgroup subsys cpuset
[    0.000000] Initializing cgroup subsys cpu
[    0.000000] Initializing cgroup subsys cpuacct
[    0.000000] Linux version 3.10.0-862.el7.x86_64 (builder@kbuilder.dev.centos.org) (gcc version 4.8.5 20150623 (Red Hat 4.8.5-28) (GCC) ) #1 SMP Fri Apr 20 16:44:24 UTC 2018
[    0.000000] Command line: BOOT_IMAGE=/vmlinuz-3.10.0-862.el7.x86_64 root=/dev/mapper/centos-root ro crashkernel=auto rd.lvm.lv=centos/root rd.lvm.lv=centos/swap rhgb quiet LANG=en_US.UTF-8
[    0.000000] Disabled fast string operations
[    0.000000] e820: BIOS-provided physical RAM map:
[    0.000000] BIOS-e820: [mem 0x0000000000000000-0x000000000009ebff] usable
[    0.000000] BIOS-e820: [mem 0x000000000009ec00-0x000000000009ffff] reserved
[    0.000000] BIOS-e820: [mem 0x00000000000dc000-0x00000000000fffff] reserved
[    0.000000] BIOS-e820: [mem 0x0000000000100000-0x000000003fedffff] usable
[    0.000000] BIOS-e820: [mem 0x000000003fee0000-0x000000003fefefff] ACPI data
[    0.000000] BIOS-e820: [mem 0x000000003feff000-0x000000003fefffff] ACPI NVS
[    0.000000] BIOS-e820: [mem 0x000000003ff00000-0x000000003fffffff] usable
[    0.000000] BIOS-e820: [mem 0x00000000f0000000-0x00000000f7ffffff] reserved
[    0.000000] BIOS-e820: [mem 0x00000000fec00000-0x00000000fec0ffff] reserved
[    0.000000] BIOS-e820: [mem 0x00000000fee00000-0x00000000fee00fff] reserved
[    0.000000] BIOS-e820: [mem 0x00000000fffe0000-0x00000000ffffffff] reserved
[    0.000000] NX (Execute Disable) protection: active
[    0.000000] SMBIOS 2.7 present.
[    0.000000] DMI: VMware, Inc. VMware Virtual Platform/440BX Desktop Reference Platform, BIOS 6.00 05/19/2017
[    0.000000] Hypervisor detected: VMware
[    0.000000] Host bus clock speed read from hypervisor : 66000000 Hz
[    0.000000] e820: update [mem 0x00000000-0x00000fff] usable ==> reserved
[    0.000000] e820: remove [mem 0x000a0000-0x000fffff] usable
[    0.000000] e820: last_pfn = 0x40000 max_arch_pfn = 0x400000000
[    0.000000] MTRR default type: uncachable
[    0.000000] MTRR fixed ranges enabled:
[    0.000000]   00000-9FFFF write-back
[    0.000000]   A0000-BFFFF uncachable
[    0.000000]   C0000-CBFFF write-protect
[    0.000000]   CC000-EFFFF uncachable
[    0.000000]   F0000-FFFFF write-protect
[    0.000000] MTRR variable ranges enabled:
[    0.000000]   0 base 000C0000000 mask 7FFC0000000 uncachable
[    0.000000]   1 base 00000000000 mask 7FF00000000 write-back
[    0.000000]   2 disabled
[    0.000000]   3 disabled
[    0.000000]   4 disabled
[    0.000000]   5 disabled
[    0.000000]   6 disabled
[    0.000000]   7 disabled
[    0.000000] PAT configuration [0-7]: WB  WC  UC- UC  WB  WP  UC- UC  
[    0.000000] original variable MTRRs
[    0.000000] reg 0, base: 3GB, range: 1GB, type UC
[    0.000000] reg 1, base: 0GB, range: 4GB, type WB
[    0.000000] total RAM covered: 3072M
[    0.000000] Found optimal setting for mtrr clean up
[    0.000000]  gran_size: 64K 	chunk_size: 64K 	num_reg: 2  	lose cover RAM: 0G
[    0.000000] New variable MTRRs
[    0.000000] reg 0, base: 0GB, range: 2GB, type WB
[    0.000000] reg 1, base: 2GB, range: 1GB, type WB
[    0.000000] found SMP MP-table at [mem 0x000f6a80-0x000f6a8f] mapped at [ffffffffff200a80]
[    0.000000] Base memory trampoline at [ffffa05880098000] 98000 size 24576
[    0.000000] Using GB pages for direct mapping
[    0.000000] BRK [0x27a2f000, 0x27a2ffff] PGTABLE
[    0.000000] BRK [0x27a30000, 0x27a30fff] PGTABLE
[    0.000000] BRK [0x27a31000, 0x27a31fff] PGTABLE
[    0.000000] BRK [0x27a32000, 0x27a32fff] PGTABLE
[    0.000000] BRK [0x27a33000, 0x27a33fff] PGTABLE
[    0.000000] RAMDISK: [mem 0x35697000-0x36b43fff]
[    0.000000] Early table checksum verification disabled
[    0.000000] ACPI: RSDP 00000000000f6a10 00024 (v02 PTLTD )
[    0.000000] ACPI: XSDT 000000003feea65b 0005C (v01 INTEL  440BX    06040000 VMW  01324272)
[    0.000000] ACPI: FACP 000000003fefee73 000F4 (v04 INTEL  440BX    06040000 PTL  000F4240)
[    0.000000] ACPI: DSDT 000000003feebb42 13331 (v01 PTLTD  Custom   06040000 MSFT 03000001)
[    0.000000] ACPI: FACS 000000003fefffc0 00040
[    0.000000] ACPI: BOOT 000000003feebb1a 00028 (v01 PTLTD  $SBFTBL$ 06040000  LTP 00000001)
[    0.000000] ACPI: APIC 000000003feeb3d8 00742 (v01 PTLTD  ? APIC   06040000  LTP 00000000)
[    0.000000] ACPI: MCFG 000000003feeb39c 0003C (v01 PTLTD  $PCITBL$ 06040000  LTP 00000001)
[    0.000000] ACPI: SRAT 000000003feea757 008A8 (v02 VMWARE MEMPLUG  06040000 VMW  00000001)
[    0.000000] ACPI: HPET 000000003feea71f 00038 (v01 VMWARE VMW HPET 06040000 VMW  00000001)
[    0.000000] ACPI: WAET 000000003feea6f7 00028 (v01 VMWARE VMW WAET 06040000 VMW  00000001)
[    0.000000] ACPI: Local APIC address 0xfee00000
[    0.000000] system APIC only can use physical flat
[    0.000000] Setting APIC routing to physical flat.
[    0.000000] SRAT: PXM 0 -> APIC 0x00 -> Node 0
[    0.000000] SRAT: PXM 0 -> APIC 0x02 -> Node 0
[    0.000000] SRAT: PXM 0 -> APIC 0x04 -> Node 0
[    0.000000] SRAT: PXM 0 -> APIC 0x06 -> Node 0
[    0.000000] SRAT: PXM 0 -> APIC 0x08 -> Node 0
[    0.000000] SRAT: PXM 0 -> APIC 0x0a -> Node 0
[    0.000000] SRAT: PXM 0 -> APIC 0x0c -> Node 0
[    0.000000] SRAT: PXM 0 -> APIC 0x0e -> Node 0
[    0.000000] SRAT: PXM 0 -> APIC 0x10 -> Node 0
[    0.000000] SRAT: PXM 0 -> APIC 0x12 -> Node 0
[    0.000000] SRAT: PXM 0 -> APIC 0x14 -> Node 0
[    0.000000] SRAT: PXM 0 -> APIC 0x16 -> Node 0
[    0.000000] SRAT: PXM 0 -> APIC 0x18 -> Node 0
[    0.000000] SRAT: PXM 0 -> APIC 0x1a -> Node 0
[    0.000000] SRAT: PXM 0 -> APIC 0x1c -> Node 0
[    0.000000] SRAT: PXM 0 -> APIC 0x1e -> Node 0
[    0.000000] SRAT: PXM 0 -> APIC 0x20 -> Node 0
[    0.000000] SRAT: PXM 0 -> APIC 0x22 -> Node 0
[    0.000000] SRAT: PXM 0 -> APIC 0x24 -> Node 0
[    0.000000] SRAT: PXM 0 -> APIC 0x26 -> Node 0
[    0.000000] SRAT: PXM 0 -> APIC 0x28 -> Node 0
[    0.000000] SRAT: PXM 0 -> APIC 0x2a -> Node 0
[    0.000000] SRAT: PXM 0 -> APIC 0x2c -> Node 0
[    0.000000] SRAT: PXM 0 -> APIC 0x2e -> Node 0
[    0.000000] SRAT: PXM 0 -> APIC 0x30 -> Node 0
[    0.000000] SRAT: PXM 0 -> APIC 0x32 -> Node 0
[    0.000000] SRAT: PXM 0 -> APIC 0x34 -> Node 0
[    0.000000] SRAT: PXM 0 -> APIC 0x36 -> Node 0
[    0.000000] SRAT: PXM 0 -> APIC 0x38 -> Node 0
[    0.000000] SRAT: PXM 0 -> APIC 0x3a -> Node 0
[    0.000000] SRAT: PXM 0 -> APIC 0x3c -> Node 0
[    0.000000] SRAT: PXM 0 -> APIC 0x3e -> Node 0
[    0.000000] SRAT: PXM 0 -> APIC 0x40 -> Node 0
[    0.000000] SRAT: PXM 0 -> APIC 0x42 -> Node 0
[    0.000000] SRAT: PXM 0 -> APIC 0x44 -> Node 0
[    0.000000] SRAT: PXM 0 -> APIC 0x46 -> Node 0
[    0.000000] SRAT: PXM 0 -> APIC 0x48 -> Node 0
[    0.000000] SRAT: PXM 0 -> APIC 0x4a -> Node 0
[    0.000000] SRAT: PXM 0 -> APIC 0x4c -> Node 0
[    0.000000] SRAT: PXM 0 -> APIC 0x4e -> Node 0
[    0.000000] SRAT: PXM 0 -> APIC 0x50 -> Node 0
[    0.000000] SRAT: PXM 0 -> APIC 0x52 -> Node 0
[    0.000000] SRAT: PXM 0 -> APIC 0x54 -> Node 0
[    0.000000] SRAT: PXM 0 -> APIC 0x56 -> Node 0
[    0.000000] SRAT: PXM 0 -> APIC 0x58 -> Node 0
[    0.000000] SRAT: PXM 0 -> APIC 0x5a -> Node 0
[    0.000000] SRAT: PXM 0 -> APIC 0x5c -> Node 0
[    0.000000] SRAT: PXM 0 -> APIC 0x5e -> Node 0
[    0.000000] SRAT: PXM 0 -> APIC 0x60 -> Node 0
[    0.000000] SRAT: PXM 0 -> APIC 0x62 -> Node 0
[    0.000000] SRAT: PXM 0 -> APIC 0x64 -> Node 0
[    0.000000] SRAT: PXM 0 -> APIC 0x66 -> Node 0
[    0.000000] SRAT: PXM 0 -> APIC 0x68 -> Node 0
[    0.000000] SRAT: PXM 0 -> APIC 0x6a -> Node 0
[    0.000000] SRAT: PXM 0 -> APIC 0x6c -> Node 0
[    0.000000] SRAT: PXM 0 -> APIC 0x6e -> Node 0
[    0.000000] SRAT: PXM 0 -> APIC 0x70 -> Node 0
[    0.000000] SRAT: PXM 0 -> APIC 0x72 -> Node 0
[    0.000000] SRAT: PXM 0 -> APIC 0x74 -> Node 0
[    0.000000] SRAT: PXM 0 -> APIC 0x76 -> Node 0
[    0.000000] SRAT: PXM 0 -> APIC 0x78 -> Node 0
[    0.000000] SRAT: PXM 0 -> APIC 0x7a -> Node 0
[    0.000000] SRAT: PXM 0 -> APIC 0x7c -> Node 0
[    0.000000] SRAT: PXM 0 -> APIC 0x7e -> Node 0
[    0.000000] SRAT: PXM 0 -> APIC 0x80 -> Node 0
[    0.000000] SRAT: PXM 0 -> APIC 0x82 -> Node 0
[    0.000000] SRAT: PXM 0 -> APIC 0x84 -> Node 0
[    0.000000] SRAT: PXM 0 -> APIC 0x86 -> Node 0
[    0.000000] SRAT: PXM 0 -> APIC 0x88 -> Node 0
[    0.000000] SRAT: PXM 0 -> APIC 0x8a -> Node 0
[    0.000000] SRAT: PXM 0 -> APIC 0x8c -> Node 0
[    0.000000] SRAT: PXM 0 -> APIC 0x8e -> Node 0
[    0.000000] SRAT: PXM 0 -> APIC 0x90 -> Node 0
[    0.000000] SRAT: PXM 0 -> APIC 0x92 -> Node 0
[    0.000000] SRAT: PXM 0 -> APIC 0x94 -> Node 0
[    0.000000] SRAT: PXM 0 -> APIC 0x96 -> Node 0
[    0.000000] SRAT: PXM 0 -> APIC 0x98 -> Node 0
[    0.000000] SRAT: PXM 0 -> APIC 0x9a -> Node 0
[    0.000000] SRAT: PXM 0 -> APIC 0x9c -> Node 0
[    0.000000] SRAT: PXM 0 -> APIC 0x9e -> Node 0
[    0.000000] SRAT: PXM 0 -> APIC 0xa0 -> Node 0
[    0.000000] SRAT: PXM 0 -> APIC 0xa2 -> Node 0
[    0.000000] SRAT: PXM 0 -> APIC 0xa4 -> Node 0
[    0.000000] SRAT: PXM 0 -> APIC 0xa6 -> Node 0
[    0.000000] SRAT: PXM 0 -> APIC 0xa8 -> Node 0
[    0.000000] SRAT: PXM 0 -> APIC 0xaa -> Node 0
[    0.000000] SRAT: PXM 0 -> APIC 0xac -> Node 0
[    0.000000] SRAT: PXM 0 -> APIC 0xae -> Node 0
[    0.000000] SRAT: PXM 0 -> APIC 0xb0 -> Node 0
[    0.000000] SRAT: PXM 0 -> APIC 0xb2 -> Node 0
[    0.000000] SRAT: PXM 0 -> APIC 0xb4 -> Node 0
[    0.000000] SRAT: PXM 0 -> APIC 0xb6 -> Node 0
[    0.000000] SRAT: PXM 0 -> APIC 0xb8 -> Node 0
[    0.000000] SRAT: PXM 0 -> APIC 0xba -> Node 0
[    0.000000] SRAT: PXM 0 -> APIC 0xbc -> Node 0
[    0.000000] SRAT: PXM 0 -> APIC 0xbe -> Node 0
[    0.000000] SRAT: PXM 0 -> APIC 0xc0 -> Node 0
[    0.000000] SRAT: PXM 0 -> APIC 0xc2 -> Node 0
[    0.000000] SRAT: PXM 0 -> APIC 0xc4 -> Node 0
[    0.000000] SRAT: PXM 0 -> APIC 0xc6 -> Node 0
[    0.000000] SRAT: PXM 0 -> APIC 0xc8 -> Node 0
[    0.000000] SRAT: PXM 0 -> APIC 0xca -> Node 0
[    0.000000] SRAT: PXM 0 -> APIC 0xcc -> Node 0
[    0.000000] SRAT: PXM 0 -> APIC 0xce -> Node 0
[    0.000000] SRAT: PXM 0 -> APIC 0xd0 -> Node 0
[    0.000000] SRAT: PXM 0 -> APIC 0xd2 -> Node 0
[    0.000000] SRAT: PXM 0 -> APIC 0xd4 -> Node 0
[    0.000000] SRAT: PXM 0 -> APIC 0xd6 -> Node 0
[    0.000000] SRAT: PXM 0 -> APIC 0xd8 -> Node 0
[    0.000000] SRAT: PXM 0 -> APIC 0xda -> Node 0
[    0.000000] SRAT: PXM 0 -> APIC 0xdc -> Node 0
[    0.000000] SRAT: PXM 0 -> APIC 0xde -> Node 0
[    0.000000] SRAT: PXM 0 -> APIC 0xe0 -> Node 0
[    0.000000] SRAT: PXM 0 -> APIC 0xe2 -> Node 0
[    0.000000] SRAT: PXM 0 -> APIC 0xe4 -> Node 0
[    0.000000] SRAT: PXM 0 -> APIC 0xe6 -> Node 0
[    0.000000] SRAT: PXM 0 -> APIC 0xe8 -> Node 0
[    0.000000] SRAT: PXM 0 -> APIC 0xea -> Node 0
[    0.000000] SRAT: PXM 0 -> APIC 0xec -> Node 0
[    0.000000] SRAT: PXM 0 -> APIC 0xee -> Node 0
[    0.000000] SRAT: PXM 0 -> APIC 0xf0 -> Node 0
[    0.000000] SRAT: PXM 0 -> APIC 0xf2 -> Node 0
[    0.000000] SRAT: PXM 0 -> APIC 0xf4 -> Node 0
[    0.000000] SRAT: PXM 0 -> APIC 0xf6 -> Node 0
[    0.000000] SRAT: PXM 0 -> APIC 0xf8 -> Node 0
[    0.000000] SRAT: PXM 0 -> APIC 0xfa -> Node 0
[    0.000000] SRAT: PXM 0 -> APIC 0xfc -> Node 0
[    0.000000] SRAT: PXM 0 -> APIC 0xfe -> Node 0
[    0.000000] SRAT: Node 0 PXM 0 [mem 0x00000000-0x0009ffff]
[    0.000000] SRAT: Node 0 PXM 0 [mem 0x00100000-0x3fffffff]
[    0.000000] SRAT: Node 0 PXM 0 [mem 0x40000000-0xbfffffff] hotplug
[    0.000000] NUMA: Node 0 [mem 0x00000000-0x0009ffff] + [mem 0x00100000-0x3fffffff] -> [mem 0x00000000-0x3fffffff]
[    0.000000] NODE_DATA(0) allocated [mem 0x3ffd9000-0x3fffffff]
[    0.000000] crashkernel=auto resulted in zero bytes of reserved memory.
[    0.000000] Zone ranges:
[    0.000000]   DMA      [mem 0x00001000-0x00ffffff]
[    0.000000]   DMA32    [mem 0x01000000-0xffffffff]
[    0.000000]   Normal   empty
[    0.000000] Movable zone start for each node
[    0.000000] Early memory node ranges
[    0.000000]   node   0: [mem 0x00001000-0x0009dfff]
[    0.000000]   node   0: [mem 0x00100000-0x3fedffff]
[    0.000000]   node   0: [mem 0x3ff00000-0x3fffffff]
[    0.000000] Initmem setup node 0 [mem 0x00001000-0x3fffffff]
[    0.000000] On node 0 totalpages: 262013
[    0.000000]   DMA zone: 64 pages used for memmap
[    0.000000]   DMA zone: 21 pages reserved
[    0.000000]   DMA zone: 3997 pages, LIFO batch:0
[    0.000000]   DMA32 zone: 4032 pages used for memmap
[    0.000000]   DMA32 zone: 258016 pages, LIFO batch:31
[    0.000000] ACPI: PM-Timer IO Port: 0x1008
[    0.000000] ACPI: Local APIC address 0xfee00000
[    0.000000] system APIC only can use physical flat
[    0.000000] ACPI: LAPIC (acpi_id[0x00] lapic_id[0x00] enabled)
[    0.000000] ACPI: LAPIC (acpi_id[0x01] lapic_id[0x02] disabled)
[    0.000000] ACPI: LAPIC (acpi_id[0x02] lapic_id[0x04] disabled)
[    0.000000] ACPI: LAPIC (acpi_id[0x03] lapic_id[0x06] disabled)
[    0.000000] ACPI: LAPIC (acpi_id[0x04] lapic_id[0x08] disabled)
[    0.000000] ACPI: LAPIC (acpi_id[0x05] lapic_id[0x0a] disabled)
[    0.000000] ACPI: LAPIC (acpi_id[0x06] lapic_id[0x0c] disabled)
[    0.000000] ACPI: LAPIC (acpi_id[0x07] lapic_id[0x0e] disabled)
[    0.000000] ACPI: LAPIC (acpi_id[0x08] lapic_id[0x10] disabled)
[    0.000000] ACPI: LAPIC (acpi_id[0x09] lapic_id[0x12] disabled)
[    0.000000] ACPI: LAPIC (acpi_id[0x0a] lapic_id[0x14] disabled)
[    0.000000] ACPI: LAPIC (acpi_id[0x0b] lapic_id[0x16] disabled)
[    0.000000] ACPI: LAPIC (acpi_id[0x0c] lapic_id[0x18] disabled)
[    0.000000] ACPI: LAPIC (acpi_id[0x0d] lapic_id[0x1a] disabled)
[    0.000000] ACPI: LAPIC (acpi_id[0x0e] lapic_id[0x1c] disabled)
[    0.000000] ACPI: LAPIC (acpi_id[0x0f] lapic_id[0x1e] disabled)
[    0.000000] ACPI: LAPIC (acpi_id[0x10] lapic_id[0x20] disabled)
[    0.000000] ACPI: LAPIC (acpi_id[0x11] lapic_id[0x22] disabled)
[    0.000000] ACPI: LAPIC (acpi_id[0x12] lapic_id[0x24] disabled)
[    0.000000] ACPI: LAPIC (acpi_id[0x13] lapic_id[0x26] disabled)
[    0.000000] ACPI: LAPIC (acpi_id[0x14] lapic_id[0x28] disabled)
[    0.000000] ACPI: LAPIC (acpi_id[0x15] lapic_id[0x2a] disabled)
[    0.000000] ACPI: LAPIC (acpi_id[0x16] lapic_id[0x2c] disabled)
[    0.000000] ACPI: LAPIC (acpi_id[0x17] lapic_id[0x2e] disabled)
[    0.000000] ACPI: LAPIC (acpi_id[0x18] lapic_id[0x30] disabled)
[    0.000000] ACPI: LAPIC (acpi_id[0x19] lapic_id[0x32] disabled)
[    0.000000] ACPI: LAPIC (acpi_id[0x1a] lapic_id[0x34] disabled)
[    0.000000] ACPI: LAPIC (acpi_id[0x1b] lapic_id[0x36] disabled)
[    0.000000] ACPI: LAPIC (acpi_id[0x1c] lapic_id[0x38] disabled)
[    0.000000] ACPI: LAPIC (acpi_id[0x1d] lapic_id[0x3a] disabled)
[    0.000000] ACPI: LAPIC (acpi_id[0x1e] lapic_id[0x3c] disabled)
[    0.000000] ACPI: LAPIC (acpi_id[0x1f] lapic_id[0x3e] disabled)
[    0.000000] ACPI: LAPIC (acpi_id[0x20] lapic_id[0x40] disabled)
[    0.000000] ACPI: LAPIC (acpi_id[0x21] lapic_id[0x42] disabled)
[    0.000000] ACPI: LAPIC (acpi_id[0x22] lapic_id[0x44] disabled)
[    0.000000] ACPI: LAPIC (acpi_id[0x23] lapic_id[0x46] disabled)
[    0.000000] ACPI: LAPIC (acpi_id[0x24] lapic_id[0x48] disabled)
[    0.000000] ACPI: LAPIC (acpi_id[0x25] lapic_id[0x4a] disabled)
[    0.000000] ACPI: LAPIC (acpi_id[0x26] lapic_id[0x4c] disabled)
[    0.000000] ACPI: LAPIC (acpi_id[0x27] lapic_id[0x4e] disabled)
[    0.000000] ACPI: LAPIC (acpi_id[0x28] lapic_id[0x50] disabled)
[    0.000000] ACPI: LAPIC (acpi_id[0x29] lapic_id[0x52] disabled)
[    0.000000] ACPI: LAPIC (acpi_id[0x2a] lapic_id[0x54] disabled)
[    0.000000] ACPI: LAPIC (acpi_id[0x2b] lapic_id[0x56] disabled)
[    0.000000] ACPI: LAPIC (acpi_id[0x2c] lapic_id[0x58] disabled)
[    0.000000] ACPI: LAPIC (acpi_id[0x2d] lapic_id[0x5a] disabled)
[    0.000000] ACPI: LAPIC (acpi_id[0x2e] lapic_id[0x5c] disabled)
[    0.000000] ACPI: LAPIC (acpi_id[0x2f] lapic_id[0x5e] disabled)
[    0.000000] ACPI: LAPIC (acpi_id[0x30] lapic_id[0x60] disabled)
[    0.000000] ACPI: LAPIC (acpi_id[0x31] lapic_id[0x62] disabled)
[    0.000000] ACPI: LAPIC (acpi_id[0x32] lapic_id[0x64] disabled)
[    0.000000] ACPI: LAPIC (acpi_id[0x33] lapic_id[0x66] disabled)
[    0.000000] ACPI: LAPIC (acpi_id[0x34] lapic_id[0x68] disabled)
[    0.000000] ACPI: LAPIC (acpi_id[0x35] lapic_id[0x6a] disabled)
[    0.000000] ACPI: LAPIC (acpi_id[0x36] lapic_id[0x6c] disabled)
[    0.000000] ACPI: LAPIC (acpi_id[0x37] lapic_id[0x6e] disabled)
[    0.000000] ACPI: LAPIC (acpi_id[0x38] lapic_id[0x70] disabled)
[    0.000000] ACPI: LAPIC (acpi_id[0x39] lapic_id[0x72] disabled)
[    0.000000] ACPI: LAPIC (acpi_id[0x3a] lapic_id[0x74] disabled)
[    0.000000] ACPI: LAPIC (acpi_id[0x3b] lapic_id[0x76] disabled)
[    0.000000] ACPI: LAPIC (acpi_id[0x3c] lapic_id[0x78] disabled)
[    0.000000] ACPI: LAPIC (acpi_id[0x3d] lapic_id[0x7a] disabled)
[    0.000000] ACPI: LAPIC (acpi_id[0x3e] lapic_id[0x7c] disabled)
[    0.000000] ACPI: LAPIC (acpi_id[0x3f] lapic_id[0x7e] disabled)
[    0.000000] ACPI: LAPIC (acpi_id[0x40] lapic_id[0x80] disabled)
[    0.000000] ACPI: LAPIC (acpi_id[0x41] lapic_id[0x82] disabled)
[    0.000000] ACPI: LAPIC (acpi_id[0x42] lapic_id[0x84] disabled)
[    0.000000] ACPI: LAPIC (acpi_id[0x43] lapic_id[0x86] disabled)
[    0.000000] ACPI: LAPIC (acpi_id[0x44] lapic_id[0x88] disabled)
[    0.000000] ACPI: LAPIC (acpi_id[0x45] lapic_id[0x8a] disabled)
[    0.000000] ACPI: LAPIC (acpi_id[0x46] lapic_id[0x8c] disabled)
[    0.000000] ACPI: LAPIC (acpi_id[0x47] lapic_id[0x8e] disabled)
[    0.000000] ACPI: LAPIC (acpi_id[0x48] lapic_id[0x90] disabled)
[    0.000000] ACPI: LAPIC (acpi_id[0x49] lapic_id[0x92] disabled)
[    0.000000] ACPI: LAPIC (acpi_id[0x4a] lapic_id[0x94] disabled)
[    0.000000] ACPI: LAPIC (acpi_id[0x4b] lapic_id[0x96] disabled)
[    0.000000] ACPI: LAPIC (acpi_id[0x4c] lapic_id[0x98] disabled)
[    0.000000] ACPI: LAPIC (acpi_id[0x4d] lapic_id[0x9a] disabled)
[    0.000000] ACPI: LAPIC (acpi_id[0x4e] lapic_id[0x9c] disabled)
[    0.000000] ACPI: LAPIC (acpi_id[0x4f] lapic_id[0x9e] disabled)
[    0.000000] ACPI: LAPIC (acpi_id[0x50] lapic_id[0xa0] disabled)
[    0.000000] ACPI: LAPIC (acpi_id[0x51] lapic_id[0xa2] disabled)
[    0.000000] ACPI: LAPIC (acpi_id[0x52] lapic_id[0xa4] disabled)
[    0.000000] ACPI: LAPIC (acpi_id[0x53] lapic_id[0xa6] disabled)
[    0.000000] ACPI: LAPIC (acpi_id[0x54] lapic_id[0xa8] disabled)
[    0.000000] ACPI: LAPIC (acpi_id[0x55] lapic_id[0xaa] disabled)
[    0.000000] ACPI: LAPIC (acpi_id[0x56] lapic_id[0xac] disabled)
[    0.000000] ACPI: LAPIC (acpi_id[0x57] lapic_id[0xae] disabled)
[    0.000000] ACPI: LAPIC (acpi_id[0x58] lapic_id[0xb0] disabled)
[    0.000000] ACPI: LAPIC (acpi_id[0x59] lapic_id[0xb2] disabled)
[    0.000000] ACPI: LAPIC (acpi_id[0x5a] lapic_id[0xb4] disabled)
[    0.000000] ACPI: LAPIC (acpi_id[0x5b] lapic_id[0xb6] disabled)
[    0.000000] ACPI: LAPIC (acpi_id[0x5c] lapic_id[0xb8] disabled)
[    0.000000] ACPI: LAPIC (acpi_id[0x5d] lapic_id[0xba] disabled)
[    0.000000] ACPI: LAPIC (acpi_id[0x5e] lapic_id[0xbc] disabled)
[    0.000000] ACPI: LAPIC (acpi_id[0x5f] lapic_id[0xbe] disabled)
[    0.000000] ACPI: LAPIC (acpi_id[0x60] lapic_id[0xc0] disabled)
[    0.000000] ACPI: LAPIC (acpi_id[0x61] lapic_id[0xc2] disabled)
[    0.000000] ACPI: LAPIC (acpi_id[0x62] lapic_id[0xc4] disabled)
[    0.000000] ACPI: LAPIC (acpi_id[0x63] lapic_id[0xc6] disabled)
[    0.000000] ACPI: LAPIC (acpi_id[0x64] lapic_id[0xc8] disabled)
[    0.000000] ACPI: LAPIC (acpi_id[0x65] lapic_id[0xca] disabled)
[    0.000000] ACPI: LAPIC (acpi_id[0x66] lapic_id[0xcc] disabled)
[    0.000000] ACPI: LAPIC (acpi_id[0x67] lapic_id[0xce] disabled)
[    0.000000] ACPI: LAPIC (acpi_id[0x68] lapic_id[0xd0] disabled)
[    0.000000] ACPI: LAPIC (acpi_id[0x69] lapic_id[0xd2] disabled)
[    0.000000] ACPI: LAPIC (acpi_id[0x6a] lapic_id[0xd4] disabled)
[    0.000000] ACPI: LAPIC (acpi_id[0x6b] lapic_id[0xd6] disabled)
[    0.000000] ACPI: LAPIC (acpi_id[0x6c] lapic_id[0xd8] disabled)
[    0.000000] ACPI: LAPIC (acpi_id[0x6d] lapic_id[0xda] disabled)
[    0.000000] ACPI: LAPIC (acpi_id[0x6e] lapic_id[0xdc] disabled)
[    0.000000] ACPI: LAPIC (acpi_id[0x6f] lapic_id[0xde] disabled)
[    0.000000] ACPI: LAPIC (acpi_id[0x70] lapic_id[0xe0] disabled)
[    0.000000] ACPI: LAPIC (acpi_id[0x71] lapic_id[0xe2] disabled)
[    0.000000] ACPI: LAPIC (acpi_id[0x72] lapic_id[0xe4] disabled)
[    0.000000] ACPI: LAPIC (acpi_id[0x73] lapic_id[0xe6] disabled)
[    0.000000] ACPI: LAPIC (acpi_id[0x74] lapic_id[0xe8] disabled)
[    0.000000] ACPI: LAPIC (acpi_id[0x75] lapic_id[0xea] disabled)
[    0.000000] ACPI: LAPIC (acpi_id[0x76] lapic_id[0xec] disabled)
[    0.000000] ACPI: LAPIC (acpi_id[0x77] lapic_id[0xee] disabled)
[    0.000000] ACPI: LAPIC (acpi_id[0x78] lapic_id[0xf0] disabled)
[    0.000000] ACPI: LAPIC (acpi_id[0x79] lapic_id[0xf2] disabled)
[    0.000000] ACPI: LAPIC (acpi_id[0x7a] lapic_id[0xf4] disabled)
[    0.000000] ACPI: LAPIC (acpi_id[0x7b] lapic_id[0xf6] disabled)
[    0.000000] ACPI: LAPIC (acpi_id[0x7c] lapic_id[0xf8] disabled)
[    0.000000] ACPI: LAPIC (acpi_id[0x7d] lapic_id[0xfa] disabled)
[    0.000000] ACPI: LAPIC (acpi_id[0x7e] lapic_id[0xfc] disabled)
[    0.000000] ACPI: LAPIC (acpi_id[0x7f] lapic_id[0xfe] disabled)
[    0.000000] ACPI: LAPIC_NMI (acpi_id[0x00] high edge lint[0x1])
[    0.000000] ACPI: LAPIC_NMI (acpi_id[0x01] high edge lint[0x1])
[    0.000000] ACPI: LAPIC_NMI (acpi_id[0x02] high edge lint[0x1])
[    0.000000] ACPI: LAPIC_NMI (acpi_id[0x03] high edge lint[0x1])
[    0.000000] ACPI: LAPIC_NMI (acpi_id[0x04] high edge lint[0x1])
[    0.000000] ACPI: LAPIC_NMI (acpi_id[0x05] high edge lint[0x1])
[    0.000000] ACPI: LAPIC_NMI (acpi_id[0x06] high edge lint[0x1])
[    0.000000] ACPI: LAPIC_NMI (acpi_id[0x07] high edge lint[0x1])
[    0.000000] ACPI: LAPIC_NMI (acpi_id[0x08] high edge lint[0x1])
[    0.000000] ACPI: LAPIC_NMI (acpi_id[0x09] high edge lint[0x1])
[    0.000000] ACPI: LAPIC_NMI (acpi_id[0x0a] high edge lint[0x1])
[    0.000000] ACPI: LAPIC_NMI (acpi_id[0x0b] high edge lint[0x1])
[    0.000000] ACPI: LAPIC_NMI (acpi_id[0x0c] high edge lint[0x1])
[    0.000000] ACPI: LAPIC_NMI (acpi_id[0x0d] high edge lint[0x1])
[    0.000000] ACPI: LAPIC_NMI (acpi_id[0x0e] high edge lint[0x1])
[    0.000000] ACPI: LAPIC_NMI (acpi_id[0x0f] high edge lint[0x1])
[    0.000000] ACPI: LAPIC_NMI (acpi_id[0x10] high edge lint[0x1])
[    0.000000] ACPI: LAPIC_NMI (acpi_id[0x11] high edge lint[0x1])
[    0.000000] ACPI: LAPIC_NMI (acpi_id[0x12] high edge lint[0x1])
[    0.000000] ACPI: LAPIC_NMI (acpi_id[0x13] high edge lint[0x1])
[    0.000000] ACPI: LAPIC_NMI (acpi_id[0x14] high edge lint[0x1])
[    0.000000] ACPI: LAPIC_NMI (acpi_id[0x15] high edge lint[0x1])
[    0.000000] ACPI: LAPIC_NMI (acpi_id[0x16] high edge lint[0x1])
[    0.000000] ACPI: LAPIC_NMI (acpi_id[0x17] high edge lint[0x1])
[    0.000000] ACPI: LAPIC_NMI (acpi_id[0x18] high edge lint[0x1])
[    0.000000] ACPI: LAPIC_NMI (acpi_id[0x19] high edge lint[0x1])
[    0.000000] ACPI: LAPIC_NMI (acpi_id[0x1a] high edge lint[0x1])
[    0.000000] ACPI: LAPIC_NMI (acpi_id[0x1b] high edge lint[0x1])
[    0.000000] ACPI: LAPIC_NMI (acpi_id[0x1c] high edge lint[0x1])
[    0.000000] ACPI: LAPIC_NMI (acpi_id[0x1d] high edge lint[0x1])
[    0.000000] ACPI: LAPIC_NMI (acpi_id[0x1e] high edge lint[0x1])
[    0.000000] ACPI: LAPIC_NMI (acpi_id[0x1f] high edge lint[0x1])
[    0.000000] ACPI: LAPIC_NMI (acpi_id[0x20] high edge lint[0x1])
[    0.000000] ACPI: LAPIC_NMI (acpi_id[0x21] high edge lint[0x1])
[    0.000000] ACPI: LAPIC_NMI (acpi_id[0x22] high edge lint[0x1])
[    0.000000] ACPI: LAPIC_NMI (acpi_id[0x23] high edge lint[0x1])
[    0.000000] ACPI: LAPIC_NMI (acpi_id[0x24] high edge lint[0x1])
[    0.000000] ACPI: LAPIC_NMI (acpi_id[0x25] high edge lint[0x1])
[    0.000000] ACPI: LAPIC_NMI (acpi_id[0x26] high edge lint[0x1])
[    0.000000] ACPI: LAPIC_NMI (acpi_id[0x27] high edge lint[0x1])
[    0.000000] ACPI: LAPIC_NMI (acpi_id[0x28] high edge lint[0x1])
[    0.000000] ACPI: LAPIC_NMI (acpi_id[0x29] high edge lint[0x1])
[    0.000000] ACPI: LAPIC_NMI (acpi_id[0x2a] high edge lint[0x1])
[    0.000000] ACPI: LAPIC_NMI (acpi_id[0x2b] high edge lint[0x1])
[    0.000000] ACPI: LAPIC_NMI (acpi_id[0x2c] high edge lint[0x1])
[    0.000000] ACPI: LAPIC_NMI (acpi_id[0x2d] high edge lint[0x1])
[    0.000000] ACPI: LAPIC_NMI (acpi_id[0x2e] high edge lint[0x1])
[    0.000000] ACPI: LAPIC_NMI (acpi_id[0x2f] high edge lint[0x1])
[    0.000000] ACPI: LAPIC_NMI (acpi_id[0x30] high edge lint[0x1])
[    0.000000] ACPI: LAPIC_NMI (acpi_id[0x31] high edge lint[0x1])
[    0.000000] ACPI: LAPIC_NMI (acpi_id[0x32] high edge lint[0x1])
[    0.000000] ACPI: LAPIC_NMI (acpi_id[0x33] high edge lint[0x1])
[    0.000000] ACPI: LAPIC_NMI (acpi_id[0x34] high edge lint[0x1])
[    0.000000] ACPI: LAPIC_NMI (acpi_id[0x35] high edge lint[0x1])
[    0.000000] ACPI: LAPIC_NMI (acpi_id[0x36] high edge lint[0x1])
[    0.000000] ACPI: LAPIC_NMI (acpi_id[0x37] high edge lint[0x1])
[    0.000000] ACPI: LAPIC_NMI (acpi_id[0x38] high edge lint[0x1])
[    0.000000] ACPI: LAPIC_NMI (acpi_id[0x39] high edge lint[0x1])
[    0.000000] ACPI: LAPIC_NMI (acpi_id[0x3a] high edge lint[0x1])
[    0.000000] ACPI: LAPIC_NMI (acpi_id[0x3b] high edge lint[0x1])
[    0.000000] ACPI: LAPIC_NMI (acpi_id[0x3c] high edge lint[0x1])
[    0.000000] ACPI: LAPIC_NMI (acpi_id[0x3d] high edge lint[0x1])
[    0.000000] ACPI: LAPIC_NMI (acpi_id[0x3e] high edge lint[0x1])
[    0.000000] ACPI: LAPIC_NMI (acpi_id[0x3f] high edge lint[0x1])
[    0.000000] ACPI: LAPIC_NMI (acpi_id[0x40] high edge lint[0x1])
[    0.000000] ACPI: LAPIC_NMI (acpi_id[0x41] high edge lint[0x1])
[    0.000000] ACPI: LAPIC_NMI (acpi_id[0x42] high edge lint[0x1])
[    0.000000] ACPI: LAPIC_NMI (acpi_id[0x43] high edge lint[0x1])
[    0.000000] ACPI: LAPIC_NMI (acpi_id[0x44] high edge lint[0x1])
[    0.000000] ACPI: LAPIC_NMI (acpi_id[0x45] high edge lint[0x1])
[    0.000000] ACPI: LAPIC_NMI (acpi_id[0x46] high edge lint[0x1])
[    0.000000] ACPI: LAPIC_NMI (acpi_id[0x47] high edge lint[0x1])
[    0.000000] ACPI: LAPIC_NMI (acpi_id[0x48] high edge lint[0x1])
[    0.000000] ACPI: LAPIC_NMI (acpi_id[0x49] high edge lint[0x1])
[    0.000000] ACPI: LAPIC_NMI (acpi_id[0x4a] high edge lint[0x1])
[    0.000000] ACPI: LAPIC_NMI (acpi_id[0x4b] high edge lint[0x1])
[    0.000000] ACPI: LAPIC_NMI (acpi_id[0x4c] high edge lint[0x1])
[    0.000000] ACPI: LAPIC_NMI (acpi_id[0x4d] high edge lint[0x1])
[    0.000000] ACPI: LAPIC_NMI (acpi_id[0x4e] high edge lint[0x1])
[    0.000000] ACPI: LAPIC_NMI (acpi_id[0x4f] high edge lint[0x1])
[    0.000000] ACPI: LAPIC_NMI (acpi_id[0x50] high edge lint[0x1])
[    0.000000] ACPI: LAPIC_NMI (acpi_id[0x51] high edge lint[0x1])
[    0.000000] ACPI: LAPIC_NMI (acpi_id[0x52] high edge lint[0x1])
[    0.000000] ACPI: LAPIC_NMI (acpi_id[0x53] high edge lint[0x1])
[    0.000000] ACPI: LAPIC_NMI (acpi_id[0x54] high edge lint[0x1])
[    0.000000] ACPI: LAPIC_NMI (acpi_id[0x55] high edge lint[0x1])
[    0.000000] ACPI: LAPIC_NMI (acpi_id[0x56] high edge lint[0x1])
[    0.000000] ACPI: LAPIC_NMI (acpi_id[0x57] high edge lint[0x1])
[    0.000000] ACPI: LAPIC_NMI (acpi_id[0x58] high edge lint[0x1])
[    0.000000] ACPI: LAPIC_NMI (acpi_id[0x59] high edge lint[0x1])
[    0.000000] ACPI: LAPIC_NMI (acpi_id[0x5a] high edge lint[0x1])
[    0.000000] ACPI: LAPIC_NMI (acpi_id[0x5b] high edge lint[0x1])
[    0.000000] ACPI: LAPIC_NMI (acpi_id[0x5c] high edge lint[0x1])
[    0.000000] ACPI: LAPIC_NMI (acpi_id[0x5d] high edge lint[0x1])
[    0.000000] ACPI: LAPIC_NMI (acpi_id[0x5e] high edge lint[0x1])
[    0.000000] ACPI: LAPIC_NMI (acpi_id[0x5f] high edge lint[0x1])
[    0.000000] ACPI: LAPIC_NMI (acpi_id[0x60] high edge lint[0x1])
[    0.000000] ACPI: LAPIC_NMI (acpi_id[0x61] high edge lint[0x1])
[    0.000000] ACPI: LAPIC_NMI (acpi_id[0x62] high edge lint[0x1])
[    0.000000] ACPI: LAPIC_NMI (acpi_id[0x63] high edge lint[0x1])
[    0.000000] ACPI: LAPIC_NMI (acpi_id[0x64] high edge lint[0x1])
[    0.000000] ACPI: LAPIC_NMI (acpi_id[0x65] high edge lint[0x1])
[    0.000000] ACPI: LAPIC_NMI (acpi_id[0x66] high edge lint[0x1])
[    0.000000] ACPI: LAPIC_NMI (acpi_id[0x67] high edge lint[0x1])
[    0.000000] ACPI: LAPIC_NMI (acpi_id[0x68] high edge lint[0x1])
[    0.000000] ACPI: LAPIC_NMI (acpi_id[0x69] high edge lint[0x1])
[    0.000000] ACPI: LAPIC_NMI (acpi_id[0x6a] high edge lint[0x1])
[    0.000000] ACPI: LAPIC_NMI (acpi_id[0x6b] high edge lint[0x1])
[    0.000000] ACPI: LAPIC_NMI (acpi_id[0x6c] high edge lint[0x1])
[    0.000000] ACPI: LAPIC_NMI (acpi_id[0x6d] high edge lint[0x1])
[    0.000000] ACPI: LAPIC_NMI (acpi_id[0x6e] high edge lint[0x1])
[    0.000000] ACPI: LAPIC_NMI (acpi_id[0x6f] high edge lint[0x1])
[    0.000000] ACPI: LAPIC_NMI (acpi_id[0x70] high edge lint[0x1])
[    0.000000] ACPI: LAPIC_NMI (acpi_id[0x71] high edge lint[0x1])
[    0.000000] ACPI: LAPIC_NMI (acpi_id[0x72] high edge lint[0x1])
[    0.000000] ACPI: LAPIC_NMI (acpi_id[0x73] high edge lint[0x1])
[    0.000000] ACPI: LAPIC_NMI (acpi_id[0x74] high edge lint[0x1])
[    0.000000] ACPI: LAPIC_NMI (acpi_id[0x75] high edge lint[0x1])
[    0.000000] ACPI: LAPIC_NMI (acpi_id[0x76] high edge lint[0x1])
[    0.000000] ACPI: LAPIC_NMI (acpi_id[0x77] high edge lint[0x1])
[    0.000000] ACPI: LAPIC_NMI (acpi_id[0x78] high edge lint[0x1])
[    0.000000] ACPI: LAPIC_NMI (acpi_id[0x79] high edge lint[0x1])
[    0.000000] ACPI: LAPIC_NMI (acpi_id[0x7a] high edge lint[0x1])
[    0.000000] ACPI: LAPIC_NMI (acpi_id[0x7b] high edge lint[0x1])
[    0.000000] ACPI: LAPIC_NMI (acpi_id[0x7c] high edge lint[0x1])
[    0.000000] ACPI: LAPIC_NMI (acpi_id[0x7d] high edge lint[0x1])
[    0.000000] ACPI: LAPIC_NMI (acpi_id[0x7e] high edge lint[0x1])
[    0.000000] ACPI: LAPIC_NMI (acpi_id[0x7f] high edge lint[0x1])
[    0.000000] ACPI: IOAPIC (id[0x01] address[0xfec00000] gsi_base[0])
[    0.000000] IOAPIC[0]: apic_id 1, version 32, address 0xfec00000, GSI 0-23
[    0.000000] ACPI: INT_SRC_OVR (bus 0 bus_irq 0 global_irq 2 high edge)
[    0.000000] ACPI: IRQ0 used by override.
[    0.000000] ACPI: IRQ9 used by override.
[    0.000000] Using ACPI (MADT) for SMP configuration information
[    0.000000] ACPI: HPET id: 0x8086af01 base: 0xfed00000
[    0.000000] smpboot: Allowing 128 CPUs, 127 hotplug CPUs
[    0.000000] PM: Registered nosave memory: [mem 0x0009e000-0x0009efff]
[    0.000000] PM: Registered nosave memory: [mem 0x0009f000-0x0009ffff]
[    0.000000] PM: Registered nosave memory: [mem 0x000a0000-0x000dbfff]
[    0.000000] PM: Registered nosave memory: [mem 0x000dc000-0x000fffff]
[    0.000000] PM: Registered nosave memory: [mem 0x3fee0000-0x3fefefff]
[    0.000000] PM: Registered nosave memory: [mem 0x3feff000-0x3fefffff]
[    0.000000] e820: [mem 0x40000000-0xefffffff] available for PCI devices
[    0.000000] Booting paravirtualized kernel on bare hardware
[    0.000000] setup_percpu: NR_CPUS:5120 nr_cpumask_bits:128 nr_cpu_ids:128 nr_node_ids:1
[    0.000000] PERCPU: Embedded 35 pages/cpu @ffffa058bc600000 s104856 r8192 d30312 u262144
[    0.000000] pcpu-alloc: s104856 r8192 d30312 u262144 alloc=1*2097152
[    0.000000] pcpu-alloc: [0] 000 001 002 003 004 005 006 007 
[    0.000000] pcpu-alloc: [0] 008 009 010 011 012 013 014 015 
[    0.000000] pcpu-alloc: [0] 016 017 018 019 020 021 022 023 
[    0.000000] pcpu-alloc: [0] 024 025 026 027 028 029 030 031 
[    0.000000] pcpu-alloc: [0] 032 033 034 035 036 037 038 039 
[    0.000000] pcpu-alloc: [0] 040 041 042 043 044 045 046 047 
[    0.000000] pcpu-alloc: [0] 048 049 050 051 052 053 054 055 
[    0.000000] pcpu-alloc: [0] 056 057 058 059 060 061 062 063 
[    0.000000] pcpu-alloc: [0] 064 065 066 067 068 069 070 071 
[    0.000000] pcpu-alloc: [0] 072 073 074 075 076 077 078 079 
[    0.000000] pcpu-alloc: [0] 080 081 082 083 084 085 086 087 
[    0.000000] pcpu-alloc: [0] 088 089 090 091 092 093 094 095 
[    0.000000] pcpu-alloc: [0] 096 097 098 099 100 101 102 103 
[    0.000000] pcpu-alloc: [0] 104 105 106 107 108 109 110 111 
[    0.000000] pcpu-alloc: [0] 112 113 114 115 116 117 118 119 
[    0.000000] pcpu-alloc: [0] 120 121 122 123 124 125 126 127 
[    0.000000] Built 1 zonelists in Node order, mobility grouping on.  Total pages: 257896
[    0.000000] Policy zone: DMA32
[    0.000000] Kernel command line: BOOT_IMAGE=/vmlinuz-3.10.0-862.el7.x86_64 root=/dev/mapper/centos-root ro crashkernel=auto rd.lvm.lv=centos/root rd.lvm.lv=centos/swap rhgb quiet LANG=en_US.UTF-8
[    0.000000] PID hash table entries: 4096 (order: 3, 32768 bytes)
[    0.000000] x86/fpu: xstate_offset[2]: 0240, xstate_sizes[2]: 0100
[    0.000000] x86/fpu: xstate_offset[3]: 03c0, xstate_sizes[3]: 0040
[    0.000000] x86/fpu: xstate_offset[4]: 0400, xstate_sizes[4]: 0040
[    0.000000] xsave: enabled xstate_bv 0x1f, cntxt size 0x440 using standard form
[    0.000000] Memory: 973412k/1048576k available (7324k kernel code, 524k absent, 74640k reserved, 6305k data, 1832k init)
[    0.000000] SLUB: HWalign=64, Order=0-3, MinObjects=0, CPUs=128, Nodes=1
[    0.000000] x86/pti: Unmapping kernel while in userspace
[    0.000000] Hierarchical RCU implementation.
[    0.000000] 	RCU restricting CPUs from NR_CPUS=5120 to nr_cpu_ids=128.
[    0.000000] NR_IRQS:327936 nr_irqs:1448 0
[    0.000000] Console: colour VGA+ 80x25
[    0.000000] console [tty0] enabled
[    0.000000] allocated 4194304 bytes of page_cgroup
[    0.000000] please try 'cgroup_disable=memory' option if you don't want memory cgroups
[    0.000000] hpet clockevent registered
[    0.000000] TSC freq read from hypervisor : 2400.389 MHz
[    0.000000] TSC freq read from hypervisor : 2400.389 MHz
[    0.000000] tsc: Detected 2400.389 MHz processor
[    0.000257] Calibrating delay loop (skipped) preset value.. 4800.77 BogoMIPS (lpj=2400389)
[    0.000262] pid_max: default: 131072 minimum: 1024
[    0.000342] Security Framework initialized
[    0.000350] SELinux:  Initializing.
[    0.000362] SELinux:  Starting in permissive mode
[    0.000364] Yama: becoming mindful.
[    0.000516] Dentry cache hash table entries: 131072 (order: 8, 1048576 bytes)
[    0.013786] Inode-cache hash table entries: 65536 (order: 7, 524288 bytes)
[    0.017985] Mount-cache hash table entries: 2048 (order: 2, 16384 bytes)
[    0.017990] Mountpoint-cache hash table entries: 2048 (order: 2, 16384 bytes)
[    0.021426] Initializing cgroup subsys memory
[    0.021440] Initializing cgroup subsys devices
[    0.021442] Initializing cgroup subsys freezer
[    0.021444] Initializing cgroup subsys net_cls
[    0.021446] Initializing cgroup subsys blkio
[    0.021448] Initializing cgroup subsys perf_event
[    0.021453] Initializing cgroup subsys hugetlb
[    0.021455] Initializing cgroup subsys pids
[    0.021457] Initializing cgroup subsys net_prio
[    0.021888] Disabled fast string operations
[    0.021895] CPU: Physical Processor ID: 0
[    0.023341] mce: CPU supports 8 MCE banks
[    0.023502] Last level iTLB entries: 4KB 0, 2MB 0, 4MB 0
[    0.023504] Last level dTLB entries: 4KB 64, 2MB 0, 4MB 0
[    0.023506] tlb_flushall_shift: 6
[    0.023881] FEATURE SPEC_CTRL Present
[    0.023883] FEATURE IBPB_SUPPORT Present
[    0.023896] Spectre V2 : Mitigation: IBRS (kernel)
[    0.080920] ACPI: Core revision 20130517
[    0.110437] ACPI: All ACPI Tables successfully acquired
[    0.112736] ftrace: allocating 28047 entries in 110 pages
[    0.167729] Enabling x2apic
[    0.167798] Enabled x2apic
[    0.167945] Switched APIC routing to physical x2apic.
[    0.169090] ..TIMER: vector=0x30 apic1=0 pin1=2 apic2=-1 pin2=-1
[    0.169104] smpboot: CPU0: Intel(R) Core(TM) i5-6200U CPU @ 2.30GHz (fam: 06, model: 4e, stepping: 03)
[    0.169135] TSC deadline timer enabled
[    0.169189] Performance Events: 32-deep LBR, Skylake events, core PMU driver.
[    0.169210] core: CPUID marked event: 'cpu cycles' unavailable
[    0.169211] core: CPUID marked event: 'instructions' unavailable
[    0.169213] core: CPUID marked event: 'bus cycles' unavailable
[    0.169214] core: CPUID marked event: 'cache references' unavailable
[    0.169215] core: CPUID marked event: 'cache misses' unavailable
[    0.169216] core: CPUID marked event: 'branch instructions' unavailable
[    0.169217] core: CPUID marked event: 'branch misses' unavailable
[    0.169220] ... version:                1
[    0.169221] ... bit width:              48
[    0.169222] ... generic registers:      4
[    0.169223] ... value mask:             0000ffffffffffff
[    0.169225] ... max period:             000000007fffffff
[    0.169226] ... fixed-purpose events:   0
[    0.169227] ... event mask:             000000000000000f
[    0.192176] NMI watchdog: disabled (cpu0): hardware events not enabled
[    0.192183] NMI watchdog: Shutting down hard lockup detector on all cpus
[    0.210955] Brought up 1 CPUs
[    0.210960] smpboot: Max logical packages: 128
[    0.210963] smpboot: Total of 1 processors activated (4800.77 BogoMIPS)
[    0.215777] devtmpfs: initialized
[    0.221654] EVM: security.selinux
[    0.221657] EVM: security.ima
[    0.221658] EVM: security.capability
[    0.222121] PM: Registering ACPI NVS region [mem 0x3feff000-0x3fefffff] (4096 bytes)
[    0.224450] atomic64 test passed for x86-64 platform with CX8 and with SSE
[    0.224455] pinctrl core: initialized pinctrl subsystem
[    0.224704] RTC time: 11:21:19, date: 10/31/18
[    0.225505] NET: Registered protocol family 16
[    0.226260] ACPI: bus type PCI registered
[    0.226264] acpiphp: ACPI Hot Plug PCI Controller Driver version: 0.5
[    0.226643] PCI: MMCONFIG for domain 0000 [bus 00-7f] at [mem 0xf0000000-0xf7ffffff] (base 0xf0000000)
[    0.226647] PCI: MMCONFIG at [mem 0xf0000000-0xf7ffffff] reserved in E820
[    0.226659] PCI: Using configuration type 1 for base access
[    0.231266] ACPI: Added _OSI(Module Device)
[    0.231269] ACPI: Added _OSI(Processor Device)
[    0.231271] ACPI: Added _OSI(3.0 _SCP Extensions)
[    0.231272] ACPI: Added _OSI(Processor Aggregator Device)
[    0.235216] ACPI: EC: Look up EC in DSDT
[    0.244983] ACPI: [Firmware Bug]: BIOS _OSI(Linux) query ignored
[    0.271096] ACPI: Interpreter enabled
[    0.271114] ACPI: (supports S0 S1 S4 S5)
[    0.271116] ACPI: Using IOAPIC for interrupt routing
[    0.271149] PCI: Using host bridge windows from ACPI; if necessary, use "pci=nocrs" and report a bug
[    0.271593] ACPI: Enabled 4 GPEs in block 00 to 0F
[    0.405808] ACPI: PCI Root Bridge [PCI0] (domain 0000 [bus 00-7f])
[    0.405819] acpi PNP0A03:00: _OSC: OS supports [ExtendedConfig ASPM ClockPM Segments MSI]
[    0.406118] acpi PNP0A03:00: _OSC: platform does not support [AER]
[    0.406367] acpi PNP0A03:00: _OSC: OS now controls [PCIeHotplug PME PCIeCapability]
[    0.409150] PCI host bridge to bus 0000:00
[    0.409155] pci_bus 0000:00: root bus resource [bus 00-7f]
[    0.409158] pci_bus 0000:00: root bus resource [mem 0x000a0000-0x000bffff window]
[    0.409160] pci_bus 0000:00: root bus resource [mem 0x000cc000-0x000cffff window]
[    0.409161] pci_bus 0000:00: root bus resource [mem 0x000d0000-0x000d3fff window]
[    0.409163] pci_bus 0000:00: root bus resource [mem 0x000d4000-0x000d7fff window]
[    0.409165] pci_bus 0000:00: root bus resource [mem 0x000d8000-0x000dbfff window]
[    0.409167] pci_bus 0000:00: root bus resource [mem 0xc0000000-0xfebfffff window]
[    0.409169] pci_bus 0000:00: root bus resource [io  0x0000-0x0cf7 window]
[    0.409171] pci_bus 0000:00: root bus resource [io  0x0d00-0xfeff window]
[    0.409263] pci 0000:00:00.0: [8086:7190] type 00 class 0x060000
[    0.410330] pci 0000:00:01.0: [8086:7191] type 01 class 0x060400
[    0.411157] pci 0000:00:07.0: [8086:7110] type 00 class 0x060100
[    0.412434] pci 0000:00:07.1: [8086:7111] type 00 class 0x01018a
[    0.414159] pci 0000:00:07.1: reg 0x20: [io  0x1060-0x106f]
[    0.414965] pci 0000:00:07.1: legacy IDE quirk: reg 0x10: [io  0x01f0-0x01f7]
[    0.414967] pci 0000:00:07.1: legacy IDE quirk: reg 0x14: [io  0x03f6]
[    0.414969] pci 0000:00:07.1: legacy IDE quirk: reg 0x18: [io  0x0170-0x0177]
[    0.414971] pci 0000:00:07.1: legacy IDE quirk: reg 0x1c: [io  0x0376]
[    0.415306] pci 0000:00:07.3: [8086:7113] type 00 class 0x068000
[    0.417836] pci 0000:00:07.3: quirk: [io  0x1000-0x103f] claimed by PIIX4 ACPI
[    0.417855] pci 0000:00:07.3: quirk: [io  0x1040-0x104f] claimed by PIIX4 SMB
[    0.418407] pci 0000:00:07.7: [15ad:0740] type 00 class 0x088000
[    0.419297] pci 0000:00:07.7: reg 0x10: [io  0x1080-0x10bf]
[    0.420118] pci 0000:00:07.7: reg 0x14: [mem 0xfebfe000-0xfebfffff 64bit]
[    0.425274] pci 0000:00:0f.0: [15ad:0405] type 00 class 0x030000
[    0.427782] pci 0000:00:0f.0: reg 0x10: [io  0x1070-0x107f]
[    0.430094] pci 0000:00:0f.0: reg 0x14: [mem 0xe8000000-0xefffffff pref]
[    0.432398] pci 0000:00:0f.0: reg 0x18: [mem 0xfe000000-0xfe7fffff]
[    0.442478] pci 0000:00:0f.0: reg 0x30: [mem 0x00000000-0x00007fff pref]
[    0.443387] pci 0000:00:10.0: [1000:0030] type 00 class 0x010000
[    0.444839] pci 0000:00:10.0: reg 0x10: [io  0x1400-0x14ff]
[    0.446263] pci 0000:00:10.0: reg 0x14: [mem 0xfeba0000-0xfebbffff 64bit]
[    0.448093] pci 0000:00:10.0: reg 0x1c: [mem 0xfebc0000-0xfebdffff 64bit]
[    0.450778] pci 0000:00:10.0: reg 0x30: [mem 0x00000000-0x00003fff pref]
[    0.451442] pci 0000:00:11.0: [15ad:0790] type 01 class 0x060401
[    0.452435] pci 0000:00:11.0: System wakeup disabled by ACPI
[    0.452792] pci 0000:00:15.0: [15ad:07a0] type 01 class 0x060400
[    0.454047] pci 0000:00:15.0: PME# supported from D0 D3hot D3cold
[    0.454328] pci 0000:00:15.0: System wakeup disabled by ACPI
[    0.454651] pci 0000:00:15.1: [15ad:07a0] type 01 class 0x060400
[    0.455891] pci 0000:00:15.1: PME# supported from D0 D3hot D3cold
[    0.456356] pci 0000:00:15.1: System wakeup disabled by ACPI
[    0.456588] pci 0000:00:15.2: [15ad:07a0] type 01 class 0x060400
[    0.457877] pci 0000:00:15.2: PME# supported from D0 D3hot D3cold
[    0.458202] pci 0000:00:15.2: System wakeup disabled by ACPI
[    0.458503] pci 0000:00:15.3: [15ad:07a0] type 01 class 0x060400
[    0.459728] pci 0000:00:15.3: PME# supported from D0 D3hot D3cold
[    0.460058] pci 0000:00:15.3: System wakeup disabled by ACPI
[    0.460350] pci 0000:00:15.4: [15ad:07a0] type 01 class 0x060400
[    0.461646] pci 0000:00:15.4: PME# supported from D0 D3hot D3cold
[    0.461931] pci 0000:00:15.4: System wakeup disabled by ACPI
[    0.462432] pci 0000:00:15.5: [15ad:07a0] type 01 class 0x060400
[    0.463672] pci 0000:00:15.5: PME# supported from D0 D3hot D3cold
[    0.463955] pci 0000:00:15.5: System wakeup disabled by ACPI
[    0.464248] pci 0000:00:15.6: [15ad:07a0] type 01 class 0x060400
[    0.466246] pci 0000:00:15.6: PME# supported from D0 D3hot D3cold
[    0.466573] pci 0000:00:15.6: System wakeup disabled by ACPI
[    0.466918] pci 0000:00:15.7: [15ad:07a0] type 01 class 0x060400
[    0.468250] pci 0000:00:15.7: PME# supported from D0 D3hot D3cold
[    0.468604] pci 0000:00:15.7: System wakeup disabled by ACPI
[    0.468823] pci 0000:00:16.0: [15ad:07a0] type 01 class 0x060400
[    0.470294] pci 0000:00:16.0: PME# supported from D0 D3hot D3cold
[    0.470666] pci 0000:00:16.0: System wakeup disabled by ACPI
[    0.470959] pci 0000:00:16.1: [15ad:07a0] type 01 class 0x060400
[    0.472175] pci 0000:00:16.1: PME# supported from D0 D3hot D3cold
[    0.472456] pci 0000:00:16.1: System wakeup disabled by ACPI
[    0.472755] pci 0000:00:16.2: [15ad:07a0] type 01 class 0x060400
[    0.474014] pci 0000:00:16.2: PME# supported from D0 D3hot D3cold
[    0.474297] pci 0000:00:16.2: System wakeup disabled by ACPI
[    0.474512] pci 0000:00:16.3: [15ad:07a0] type 01 class 0x060400
[    0.475805] pci 0000:00:16.3: PME# supported from D0 D3hot D3cold
[    0.476192] pci 0000:00:16.3: System wakeup disabled by ACPI
[    0.476510] pci 0000:00:16.4: [15ad:07a0] type 01 class 0x060400
[    0.479145] pci 0000:00:16.4: PME# supported from D0 D3hot D3cold
[    0.479436] pci 0000:00:16.4: System wakeup disabled by ACPI
[    0.480083] pci 0000:00:16.5: [15ad:07a0] type 01 class 0x060400
[    0.481959] pci 0000:00:16.5: PME# supported from D0 D3hot D3cold
[    0.482336] pci 0000:00:16.5: System wakeup disabled by ACPI
[    0.482583] pci 0000:00:16.6: [15ad:07a0] type 01 class 0x060400
[    0.483834] pci 0000:00:16.6: PME# supported from D0 D3hot D3cold
[    0.484140] pci 0000:00:16.6: System wakeup disabled by ACPI
[    0.484432] pci 0000:00:16.7: [15ad:07a0] type 01 class 0x060400
[    0.485677] pci 0000:00:16.7: PME# supported from D0 D3hot D3cold
[    0.485960] pci 0000:00:16.7: System wakeup disabled by ACPI
[    0.486267] pci 0000:00:17.0: [15ad:07a0] type 01 class 0x060400
[    0.487544] pci 0000:00:17.0: PME# supported from D0 D3hot D3cold
[    0.487828] pci 0000:00:17.0: System wakeup disabled by ACPI
[    0.488084] pci 0000:00:17.1: [15ad:07a0] type 01 class 0x060400
[    0.489318] pci 0000:00:17.1: PME# supported from D0 D3hot D3cold
[    0.489610] pci 0000:00:17.1: System wakeup disabled by ACPI
[    0.489949] pci 0000:00:17.2: [15ad:07a0] type 01 class 0x060400
[    0.491251] pci 0000:00:17.2: PME# supported from D0 D3hot D3cold
[    0.491549] pci 0000:00:17.2: System wakeup disabled by ACPI
[    0.491829] pci 0000:00:17.3: [15ad:07a0] type 01 class 0x060400
[    0.493072] pci 0000:00:17.3: PME# supported from D0 D3hot D3cold
[    0.493359] pci 0000:00:17.3: System wakeup disabled by ACPI
[    0.493582] pci 0000:00:17.4: [15ad:07a0] type 01 class 0x060400
[    0.494805] pci 0000:00:17.4: PME# supported from D0 D3hot D3cold
[    0.495259] pci 0000:00:17.4: System wakeup disabled by ACPI
[    0.495817] pci 0000:00:17.5: [15ad:07a0] type 01 class 0x060400
[    0.497542] pci 0000:00:17.5: PME# supported from D0 D3hot D3cold
[    0.497885] pci 0000:00:17.5: System wakeup disabled by ACPI
[    0.498204] pci 0000:00:17.6: [15ad:07a0] type 01 class 0x060400
[    0.499421] pci 0000:00:17.6: PME# supported from D0 D3hot D3cold
[    0.499732] pci 0000:00:17.6: System wakeup disabled by ACPI
[    0.499948] pci 0000:00:17.7: [15ad:07a0] type 01 class 0x060400
[    0.501205] pci 0000:00:17.7: PME# supported from D0 D3hot D3cold
[    0.501502] pci 0000:00:17.7: System wakeup disabled by ACPI
[    0.501837] pci 0000:00:18.0: [15ad:07a0] type 01 class 0x060400
[    0.503106] pci 0000:00:18.0: PME# supported from D0 D3hot D3cold
[    0.503394] pci 0000:00:18.0: System wakeup disabled by ACPI
[    0.503687] pci 0000:00:18.1: [15ad:07a0] type 01 class 0x060400
[    0.504931] pci 0000:00:18.1: PME# supported from D0 D3hot D3cold
[    0.505226] pci 0000:00:18.1: System wakeup disabled by ACPI
[    0.505441] pci 0000:00:18.2: [15ad:07a0] type 01 class 0x060400
[    0.506687] pci 0000:00:18.2: PME# supported from D0 D3hot D3cold
[    0.507115] pci 0000:00:18.2: System wakeup disabled by ACPI
[    0.507431] pci 0000:00:18.3: [15ad:07a0] type 01 class 0x060400
[    0.508896] pci 0000:00:18.3: PME# supported from D0 D3hot D3cold
[    0.509198] pci 0000:00:18.3: System wakeup disabled by ACPI
[    0.509492] pci 0000:00:18.4: [15ad:07a0] type 01 class 0x060400
[    0.510739] pci 0000:00:18.4: PME# supported from D0 D3hot D3cold
[    0.511048] pci 0000:00:18.4: System wakeup disabled by ACPI
[    0.511524] pci 0000:00:18.5: [15ad:07a0] type 01 class 0x060400
[    0.513155] pci 0000:00:18.5: PME# supported from D0 D3hot D3cold
[    0.513447] pci 0000:00:18.5: System wakeup disabled by ACPI
[    0.513729] pci 0000:00:18.6: [15ad:07a0] type 01 class 0x060400
[    0.514996] pci 0000:00:18.6: PME# supported from D0 D3hot D3cold
[    0.515288] pci 0000:00:18.6: System wakeup disabled by ACPI
[    0.515573] pci 0000:00:18.7: [15ad:07a0] type 01 class 0x060400
[    0.516797] pci 0000:00:18.7: PME# supported from D0 D3hot D3cold
[    0.517138] pci 0000:00:18.7: System wakeup disabled by ACPI
[    0.518120] pci 0000:00:01.0: PCI bridge to [bus 01]
[    0.519229] acpiphp: Slot [32] registered
[    0.519269] acpiphp: Slot [33] registered
[    0.519304] acpiphp: Slot [34] registered
[    0.519336] acpiphp: Slot [35] registered
[    0.519369] acpiphp: Slot [36] registered
[    0.519403] acpiphp: Slot [37] registered
[    0.519436] acpiphp: Slot [38] registered
[    0.519468] acpiphp: Slot [39] registered
[    0.519502] acpiphp: Slot [40] registered
[    0.519534] acpiphp: Slot [41] registered
[    0.519568] acpiphp: Slot [42] registered
[    0.519696] acpiphp: Slot [43] registered
[    0.519731] acpiphp: Slot [44] registered
[    0.519763] acpiphp: Slot [45] registered
[    0.519796] acpiphp: Slot [46] registered
[    0.519830] acpiphp: Slot [47] registered
[    0.519862] acpiphp: Slot [48] registered
[    0.519895] acpiphp: Slot [49] registered
[    0.519928] acpiphp: Slot [50] registered
[    0.519960] acpiphp: Slot [51] registered
[    0.520034] acpiphp: Slot [52] registered
[    0.520069] acpiphp: Slot [53] registered
[    0.520102] acpiphp: Slot [54] registered
[    0.520135] acpiphp: Slot [55] registered
[    0.520167] acpiphp: Slot [56] registered
[    0.520288] acpiphp: Slot [57] registered
[    0.520324] acpiphp: Slot [58] registered
[    0.520392] acpiphp: Slot [59] registered
[    0.520424] acpiphp: Slot [60] registered
[    0.520458] acpiphp: Slot [61] registered
[    0.520503] acpiphp: Slot [62] registered
[    0.520537] acpiphp: Slot [63] registered
[    0.520664] pci 0000:02:00.0: [15ad:0774] type 00 class 0x0c0300
[    0.522730] pci 0000:02:00.0: reg 0x20: [io  0x2080-0x209f]
[    0.524096] pci 0000:02:00.0: System wakeup disabled by ACPI
[    0.524339] pci 0000:02:01.0: [8086:100f] type 00 class 0x020000
[    0.526102] pci 0000:02:01.0: reg 0x10: [mem 0xfd5c0000-0xfd5dffff 64bit]
[    0.527629] pci 0000:02:01.0: reg 0x18: [mem 0xfdff0000-0xfdffffff 64bit]
[    0.529857] pci 0000:02:01.0: reg 0x20: [io  0x2000-0x203f]
[    0.532557] pci 0000:02:01.0: reg 0x30: [mem 0x00000000-0x0000ffff pref]
[    0.533102] pci 0000:02:01.0: PME# supported from D0 D3hot D3cold
[    0.533335] pci 0000:02:01.0: System wakeup disabled by ACPI
[    0.533518] pci 0000:02:02.0: [1274:1371] type 00 class 0x040100
[    0.534035] pci 0000:02:02.0: reg 0x10: [io  0x2040-0x207f]
[    0.537184] pci 0000:02:02.0: System wakeup disabled by ACPI
[    0.537429] pci 0000:02:03.0: [15ad:0770] type 00 class 0x0c0320
[    0.538185] pci 0000:02:03.0: reg 0x10: [mem 0xfd5ef000-0xfd5effff]
[    0.542388] pci 0000:02:03.0: System wakeup disabled by ACPI
[    0.543018] pci 0000:00:11.0: PCI bridge to [bus 02] (subtractive decode)
[    0.543056] pci 0000:00:11.0:   bridge window [io  0x2000-0x3fff]
[    0.543094] pci 0000:00:11.0:   bridge window [mem 0xfd500000-0xfdffffff]
[    0.543163] pci 0000:00:11.0:   bridge window [mem 0xe7b00000-0xe7ffffff 64bit pref]
[    0.543167] pci 0000:00:11.0:   bridge window [mem 0x000a0000-0x000bffff window] (subtractive decode)
[    0.543169] pci 0000:00:11.0:   bridge window [mem 0x000cc000-0x000cffff window] (subtractive decode)
[    0.543170] pci 0000:00:11.0:   bridge window [mem 0x000d0000-0x000d3fff window] (subtractive decode)
[    0.543172] pci 0000:00:11.0:   bridge window [mem 0x000d4000-0x000d7fff window] (subtractive decode)
[    0.543174] pci 0000:00:11.0:   bridge window [mem 0x000d8000-0x000dbfff window] (subtractive decode)
[    0.543176] pci 0000:00:11.0:   bridge window [mem 0xc0000000-0xfebfffff window] (subtractive decode)
[    0.543179] pci 0000:00:11.0:   bridge window [io  0x0000-0x0cf7 window] (subtractive decode)
[    0.543181] pci 0000:00:11.0:   bridge window [io  0x0d00-0xfeff window] (subtractive decode)
[    0.543744] pci 0000:00:15.0: PCI bridge to [bus 03]
[    0.543783] pci 0000:00:15.0:   bridge window [io  0x4000-0x4fff]
[    0.543820] pci 0000:00:15.0:   bridge window [mem 0xfd400000-0xfd4fffff]
[    0.543889] pci 0000:00:15.0:   bridge window [mem 0xe7a00000-0xe7afffff 64bit pref]
[    0.544490] pci 0000:00:15.1: PCI bridge to [bus 04]
[    0.544527] pci 0000:00:15.1:   bridge window [io  0x8000-0x8fff]
[    0.544563] pci 0000:00:15.1:   bridge window [mem 0xfd000000-0xfd0fffff]
[    0.544633] pci 0000:00:15.1:   bridge window [mem 0xe7600000-0xe76fffff 64bit pref]
[    0.545374] pci 0000:00:15.2: PCI bridge to [bus 05]
[    0.545411] pci 0000:00:15.2:   bridge window [io  0xc000-0xcfff]
[    0.545448] pci 0000:00:15.2:   bridge window [mem 0xfcc00000-0xfccfffff]
[    0.545541] pci 0000:00:15.2:   bridge window [mem 0xe7200000-0xe72fffff 64bit pref]
[    0.546483] pci 0000:00:15.3: PCI bridge to [bus 06]
[    0.546552] pci 0000:00:15.3:   bridge window [mem 0xfc800000-0xfc8fffff]
[    0.546625] pci 0000:00:15.3:   bridge window [mem 0xe6e00000-0xe6efffff 64bit pref]
[    0.547218] pci 0000:00:15.4: PCI bridge to [bus 07]
[    0.547288] pci 0000:00:15.4:   bridge window [mem 0xfc400000-0xfc4fffff]
[    0.547391] pci 0000:00:15.4:   bridge window [mem 0xe6a00000-0xe6afffff 64bit pref]
[    0.548066] pci 0000:00:15.5: PCI bridge to [bus 08]
[    0.548137] pci 0000:00:15.5:   bridge window [mem 0xfc000000-0xfc0fffff]
[    0.548217] pci 0000:00:15.5:   bridge window [mem 0xe6600000-0xe66fffff 64bit pref]
[    0.548778] pci 0000:00:15.6: PCI bridge to [bus 09]
[    0.548848] pci 0000:00:15.6:   bridge window [mem 0xfbc00000-0xfbcfffff]
[    0.548917] pci 0000:00:15.6:   bridge window [mem 0xe6200000-0xe62fffff 64bit pref]
[    0.549499] pci 0000:00:15.7: PCI bridge to [bus 0a]
[    0.549567] pci 0000:00:15.7:   bridge window [mem 0xfb800000-0xfb8fffff]
[    0.549636] pci 0000:00:15.7:   bridge window [mem 0xe5e00000-0xe5efffff 64bit pref]
[    0.550350] pci 0000:00:16.0: PCI bridge to [bus 0b]
[    0.550388] pci 0000:00:16.0:   bridge window [io  0x5000-0x5fff]
[    0.550424] pci 0000:00:16.0:   bridge window [mem 0xfd300000-0xfd3fffff]
[    0.550506] pci 0000:00:16.0:   bridge window [mem 0xe7900000-0xe79fffff 64bit pref]
[    0.551073] pci 0000:00:16.1: PCI bridge to [bus 0c]
[    0.551111] pci 0000:00:16.1:   bridge window [io  0x9000-0x9fff]
[    0.551148] pci 0000:00:16.1:   bridge window [mem 0xfcf00000-0xfcffffff]
[    0.551218] pci 0000:00:16.1:   bridge window [mem 0xe7500000-0xe75fffff 64bit pref]
[    0.551802] pci 0000:00:16.2: PCI bridge to [bus 0d]
[    0.551838] pci 0000:00:16.2:   bridge window [io  0xd000-0xdfff]
[    0.551875] pci 0000:00:16.2:   bridge window [mem 0xfcb00000-0xfcbfffff]
[    0.551944] pci 0000:00:16.2:   bridge window [mem 0xe7100000-0xe71fffff 64bit pref]
[    0.552617] pci 0000:00:16.3: PCI bridge to [bus 0e]
[    0.552688] pci 0000:00:16.3:   bridge window [mem 0xfc700000-0xfc7fffff]
[    0.552758] pci 0000:00:16.3:   bridge window [mem 0xe6d00000-0xe6dfffff 64bit pref]
[    0.553391] pci 0000:00:16.4: PCI bridge to [bus 0f]
[    0.553463] pci 0000:00:16.4:   bridge window [mem 0xfc300000-0xfc3fffff]
[    0.553533] pci 0000:00:16.4:   bridge window [mem 0xe6900000-0xe69fffff 64bit pref]
[    0.554092] pci 0000:00:16.5: PCI bridge to [bus 10]
[    0.554161] pci 0000:00:16.5:   bridge window [mem 0xfbf00000-0xfbffffff]
[    0.554231] pci 0000:00:16.5:   bridge window [mem 0xe6500000-0xe65fffff 64bit pref]
[    0.554884] pci 0000:00:16.6: PCI bridge to [bus 11]
[    0.554954] pci 0000:00:16.6:   bridge window [mem 0xfbb00000-0xfbbfffff]
[    0.555036] pci 0000:00:16.6:   bridge window [mem 0xe6100000-0xe61fffff 64bit pref]
[    0.555614] pci 0000:00:16.7: PCI bridge to [bus 12]
[    0.555685] pci 0000:00:16.7:   bridge window [mem 0xfb700000-0xfb7fffff]
[    0.555755] pci 0000:00:16.7:   bridge window [mem 0xe5d00000-0xe5dfffff 64bit pref]
[    0.556370] pci 0000:00:17.0: PCI bridge to [bus 13]
[    0.556406] pci 0000:00:17.0:   bridge window [io  0x6000-0x6fff]
[    0.556452] pci 0000:00:17.0:   bridge window [mem 0xfd200000-0xfd2fffff]
[    0.556536] pci 0000:00:17.0:   bridge window [mem 0xe7800000-0xe78fffff 64bit pref]
[    0.557155] pci 0000:00:17.1: PCI bridge to [bus 14]
[    0.557193] pci 0000:00:17.1:   bridge window [io  0xa000-0xafff]
[    0.557230] pci 0000:00:17.1:   bridge window [mem 0xfce00000-0xfcefffff]
[    0.557299] pci 0000:00:17.1:   bridge window [mem 0xe7400000-0xe74fffff 64bit pref]
[    0.558026] pci 0000:00:17.2: PCI bridge to [bus 15]
[    0.558064] pci 0000:00:17.2:   bridge window [io  0xe000-0xefff]
[    0.558101] pci 0000:00:17.2:   bridge window [mem 0xfca00000-0xfcafffff]
[    0.558170] pci 0000:00:17.2:   bridge window [mem 0xe7000000-0xe70fffff 64bit pref]
[    0.558751] pci 0000:00:17.3: PCI bridge to [bus 16]
[    0.558820] pci 0000:00:17.3:   bridge window [mem 0xfc600000-0xfc6fffff]
[    0.558891] pci 0000:00:17.3:   bridge window [mem 0xe6c00000-0xe6cfffff 64bit pref]
[    0.559564] pci 0000:00:17.4: PCI bridge to [bus 17]
[    0.559634] pci 0000:00:17.4:   bridge window [mem 0xfc200000-0xfc2fffff]
[    0.559703] pci 0000:00:17.4:   bridge window [mem 0xe6800000-0xe68fffff 64bit pref]
[    0.560275] pci 0000:00:17.5: PCI bridge to [bus 18]
[    0.560344] pci 0000:00:17.5:   bridge window [mem 0xfbe00000-0xfbefffff]
[    0.560413] pci 0000:00:17.5:   bridge window [mem 0xe6400000-0xe64fffff 64bit pref]
[    0.561039] pci 0000:00:17.6: PCI bridge to [bus 19]
[    0.561108] pci 0000:00:17.6:   bridge window [mem 0xfba00000-0xfbafffff]
[    0.561177] pci 0000:00:17.6:   bridge window [mem 0xe6000000-0xe60fffff 64bit pref]
[    0.561848] pci 0000:00:17.7: PCI bridge to [bus 1a]
[    0.561917] pci 0000:00:17.7:   bridge window [mem 0xfb600000-0xfb6fffff]
[    0.562416] pci 0000:00:17.7:   bridge window [mem 0xe5c00000-0xe5cfffff 64bit pref]
[    0.563147] pci 0000:00:18.0: PCI bridge to [bus 1b]
[    0.563182] pci 0000:00:18.0:   bridge window [io  0x7000-0x7fff]
[    0.563216] pci 0000:00:18.0:   bridge window [mem 0xfd100000-0xfd1fffff]
[    0.563281] pci 0000:00:18.0:   bridge window [mem 0xe7700000-0xe77fffff 64bit pref]
[    0.563875] pci 0000:00:18.1: PCI bridge to [bus 1c]
[    0.563909] pci 0000:00:18.1:   bridge window [io  0xb000-0xbfff]
[    0.563943] pci 0000:00:18.1:   bridge window [mem 0xfcd00000-0xfcdfffff]
[    0.564065] pci 0000:00:18.1:   bridge window [mem 0xe7300000-0xe73fffff 64bit pref]
[    0.564731] pci 0000:00:18.2: PCI bridge to [bus 1d]
[    0.564796] pci 0000:00:18.2:   bridge window [mem 0xfc900000-0xfc9fffff]
[    0.564861] pci 0000:00:18.2:   bridge window [mem 0xe6f00000-0xe6ffffff 64bit pref]
[    0.565458] pci 0000:00:18.3: PCI bridge to [bus 1e]
[    0.565584] pci 0000:00:18.3:   bridge window [mem 0xfc500000-0xfc5fffff]
[    0.565651] pci 0000:00:18.3:   bridge window [mem 0xe6b00000-0xe6bfffff 64bit pref]
[    0.566292] pci 0000:00:18.4: PCI bridge to [bus 1f]
[    0.566358] pci 0000:00:18.4:   bridge window [mem 0xfc100000-0xfc1fffff]
[    0.566422] pci 0000:00:18.4:   bridge window [mem 0xe6700000-0xe67fffff 64bit pref]
[    0.567142] pci 0000:00:18.5: PCI bridge to [bus 20]
[    0.567209] pci 0000:00:18.5:   bridge window [mem 0xfbd00000-0xfbdfffff]
[    0.567274] pci 0000:00:18.5:   bridge window [mem 0xe6300000-0xe63fffff 64bit pref]
[    0.567897] pci 0000:00:18.6: PCI bridge to [bus 21]
[    0.567963] pci 0000:00:18.6:   bridge window [mem 0xfb900000-0xfb9fffff]
[    0.568103] pci 0000:00:18.6:   bridge window [mem 0xe5f00000-0xe5ffffff 64bit pref]
[    0.568937] pci 0000:00:18.7: PCI bridge to [bus 22]
[    0.569048] pci 0000:00:18.7:   bridge window [mem 0xfb500000-0xfb5fffff]
[    0.569113] pci 0000:00:18.7:   bridge window [mem 0xe5b00000-0xe5bfffff 64bit pref]
[    0.574185] ACPI: PCI Interrupt Link [LNKA] (IRQs 3 4 5 6 7 *9 10 11 14 15)
[    0.574299] ACPI: PCI Interrupt Link [LNKB] (IRQs 3 4 5 6 7 9 10 *11 14 15)
[    0.574405] ACPI: PCI Interrupt Link [LNKC] (IRQs 3 4 5 6 7 9 *10 11 14 15)
[    0.574585] ACPI: PCI Interrupt Link [LNKD] (IRQs 3 4 5 6 *7 9 10 11 14 15)
[    0.597788] vgaarb: device added: PCI:0000:00:0f.0,decodes=io+mem,owns=io+mem,locks=none
[    0.597810] vgaarb: loaded
[    0.597812] vgaarb: bridge control possible 0000:00:0f.0
[    0.598429] SCSI subsystem initialized
[    0.598486] ACPI: bus type USB registered
[    0.598598] usbcore: registered new interface driver usbfs
[    0.598609] usbcore: registered new interface driver hub
[    0.598667] usbcore: registered new device driver usb
[    0.598856] EDAC MC: Ver: 3.0.0
[    0.601671] PCI: Using ACPI for IRQ routing
[    0.654429] PCI: pci_cache_line_size set to 64 bytes
[    0.656052] e820: reserve RAM buffer [mem 0x0009ec00-0x0009ffff]
[    0.656056] e820: reserve RAM buffer [mem 0x3fee0000-0x3fffffff]
[    0.656646] NetLabel: Initializing
[    0.656649] NetLabel:  domain hash size = 128
[    0.656650] NetLabel:  protocols = UNLABELED CIPSOv4
[    0.656668] NetLabel:  unlabeled traffic allowed by default
[    0.656839] hpet0: at MMIO 0xfed00000, IRQs 2, 8, 0, 0, 0, 0, 0, 0, 0, 0, 0, 0, 0, 0, 0, 0
[    0.656848] hpet0: 16 comparators, 64-bit 14.318180 MHz counter
[    0.660029] amd_nb: Cannot enumerate AMD northbridges
[    0.660091] Switched to clocksource hpet
[    0.713141] pnp: PnP ACPI init
[    0.713162] ACPI: bus type PNP registered
[    0.713576] system 00:00: [io  0x1000-0x103f] could not be reserved
[    0.713579] system 00:00: [io  0x1040-0x104f] has been reserved
[    0.713582] system 00:00: [io  0x0cf0-0x0cf1] has been reserved
[    0.713586] system 00:00: Plug and Play ACPI device, IDs PNP0c02 (active)
[    0.713636] pnp 00:01: Plug and Play ACPI device, IDs PNP0b00 (active)
[    0.713668] pnp 00:02: Plug and Play ACPI device, IDs PNP0303 (active)
[    0.713761] pnp 00:03: Plug and Play ACPI device, IDs VMW0003 PNP0f13 (active)
[    0.714113] system 00:04: [mem 0xfed00000-0xfed003ff] has been reserved
[    0.714118] system 00:04: Plug and Play ACPI device, IDs PNP0103 PNP0c01 (active)
[    0.716594] pnp 00:05: Plug and Play ACPI device, IDs PNP0501 (active)
[    0.718125] system 00:06: [io  0xfce0-0xfcff] has been reserved
[    0.718132] system 00:06: [mem 0xf0000000-0xf7ffffff] has been reserved
[    0.718135] system 00:06: [mem 0xfe800000-0xfe9fffff] has been reserved
[    0.718139] system 00:06: Plug and Play ACPI device, IDs PNP0c02 (active)
[    0.726420] pnp: PnP ACPI: found 7 devices
[    0.726424] ACPI: bus type PNP unregistered
[    0.736401] pci 0000:00:15.3: bridge window [io  0x1000-0x0fff] to [bus 06] add_size 1000
[    0.736485] pci 0000:00:15.4: bridge window [io  0x1000-0x0fff] to [bus 07] add_size 1000
[    0.736562] pci 0000:00:15.5: bridge window [io  0x1000-0x0fff] to [bus 08] add_size 1000
[    0.736640] pci 0000:00:15.6: bridge window [io  0x1000-0x0fff] to [bus 09] add_size 1000
[    0.736718] pci 0000:00:15.7: bridge window [io  0x1000-0x0fff] to [bus 0a] add_size 1000
[    0.737043] pci 0000:00:16.3: bridge window [io  0x1000-0x0fff] to [bus 0e] add_size 1000
[    0.737134] pci 0000:00:16.4: bridge window [io  0x1000-0x0fff] to [bus 0f] add_size 1000
[    0.737211] pci 0000:00:16.5: bridge window [io  0x1000-0x0fff] to [bus 10] add_size 1000
[    0.737304] pci 0000:00:16.6: bridge window [io  0x1000-0x0fff] to [bus 11] add_size 1000
[    0.737393] pci 0000:00:16.7: bridge window [io  0x1000-0x0fff] to [bus 12] add_size 1000
[    0.737753] pci 0000:00:17.3: bridge window [io  0x1000-0x0fff] to [bus 16] add_size 1000
[    0.737845] pci 0000:00:17.4: bridge window [io  0x1000-0x0fff] to [bus 17] add_size 1000
[    0.737937] pci 0000:00:17.5: bridge window [io  0x1000-0x0fff] to [bus 18] add_size 1000
[    0.738128] pci 0000:00:17.6: bridge window [io  0x1000-0x0fff] to [bus 19] add_size 1000
[    0.738215] pci 0000:00:17.7: bridge window [io  0x1000-0x0fff] to [bus 1a] add_size 1000
[    0.738445] pci 0000:00:18.2: bridge window [io  0x1000-0x0fff] to [bus 1d] add_size 1000
[    0.738522] pci 0000:00:18.3: bridge window [io  0x1000-0x0fff] to [bus 1e] add_size 1000
[    0.738599] pci 0000:00:18.4: bridge window [io  0x1000-0x0fff] to [bus 1f] add_size 1000
[    0.738676] pci 0000:00:18.5: bridge window [io  0x1000-0x0fff] to [bus 20] add_size 1000
[    0.738754] pci 0000:00:18.6: bridge window [io  0x1000-0x0fff] to [bus 21] add_size 1000
[    0.738830] pci 0000:00:18.7: bridge window [io  0x1000-0x0fff] to [bus 22] add_size 1000
[    0.738908] pci 0000:00:15.3: res[13]=[io  0x1000-0x0fff] res_to_dev_res add_size 1000 min_align 1000
[    0.738910] pci 0000:00:15.3: res[13]=[io  0x1000-0x1fff] res_to_dev_res add_size 1000 min_align 1000
[    0.738911] pci 0000:00:15.4: res[13]=[io  0x1000-0x0fff] res_to_dev_res add_size 1000 min_align 1000
[    0.738912] pci 0000:00:15.4: res[13]=[io  0x1000-0x1fff] res_to_dev_res add_size 1000 min_align 1000
[    0.738913] pci 0000:00:15.5: res[13]=[io  0x1000-0x0fff] res_to_dev_res add_size 1000 min_align 1000
[    0.738914] pci 0000:00:15.5: res[13]=[io  0x1000-0x1fff] res_to_dev_res add_size 1000 min_align 1000
[    0.738916] pci 0000:00:15.6: res[13]=[io  0x1000-0x0fff] res_to_dev_res add_size 1000 min_align 1000
[    0.738917] pci 0000:00:15.6: res[13]=[io  0x1000-0x1fff] res_to_dev_res add_size 1000 min_align 1000
[    0.738918] pci 0000:00:15.7: res[13]=[io  0x1000-0x0fff] res_to_dev_res add_size 1000 min_align 1000
[    0.738919] pci 0000:00:15.7: res[13]=[io  0x1000-0x1fff] res_to_dev_res add_size 1000 min_align 1000
[    0.738920] pci 0000:00:16.3: res[13]=[io  0x1000-0x0fff] res_to_dev_res add_size 1000 min_align 1000
[    0.738921] pci 0000:00:16.3: res[13]=[io  0x1000-0x1fff] res_to_dev_res add_size 1000 min_align 1000
[    0.738923] pci 0000:00:16.4: res[13]=[io  0x1000-0x0fff] res_to_dev_res add_size 1000 min_align 1000
[    0.738924] pci 0000:00:16.4: res[13]=[io  0x1000-0x1fff] res_to_dev_res add_size 1000 min_align 1000
[    0.738925] pci 0000:00:16.5: res[13]=[io  0x1000-0x0fff] res_to_dev_res add_size 1000 min_align 1000
[    0.738926] pci 0000:00:16.5: res[13]=[io  0x1000-0x1fff] res_to_dev_res add_size 1000 min_align 1000
[    0.738927] pci 0000:00:16.6: res[13]=[io  0x1000-0x0fff] res_to_dev_res add_size 1000 min_align 1000
[    0.738928] pci 0000:00:16.6: res[13]=[io  0x1000-0x1fff] res_to_dev_res add_size 1000 min_align 1000
[    0.738929] pci 0000:00:16.7: res[13]=[io  0x1000-0x0fff] res_to_dev_res add_size 1000 min_align 1000
[    0.738930] pci 0000:00:16.7: res[13]=[io  0x1000-0x1fff] res_to_dev_res add_size 1000 min_align 1000
[    0.738931] pci 0000:00:17.3: res[13]=[io  0x1000-0x0fff] res_to_dev_res add_size 1000 min_align 1000
[    0.738932] pci 0000:00:17.3: res[13]=[io  0x1000-0x1fff] res_to_dev_res add_size 1000 min_align 1000
[    0.738933] pci 0000:00:17.4: res[13]=[io  0x1000-0x0fff] res_to_dev_res add_size 1000 min_align 1000
[    0.738934] pci 0000:00:17.4: res[13]=[io  0x1000-0x1fff] res_to_dev_res add_size 1000 min_align 1000
[    0.738935] pci 0000:00:17.5: res[13]=[io  0x1000-0x0fff] res_to_dev_res add_size 1000 min_align 1000
[    0.738989] pci 0000:00:17.5: res[13]=[io  0x1000-0x1fff] res_to_dev_res add_size 1000 min_align 1000
[    0.738994] pci 0000:00:17.6: res[13]=[io  0x1000-0x0fff] res_to_dev_res add_size 1000 min_align 1000
[    0.738998] pci 0000:00:17.6: res[13]=[io  0x1000-0x1fff] res_to_dev_res add_size 1000 min_align 1000
[    0.739000] pci 0000:00:17.7: res[13]=[io  0x1000-0x0fff] res_to_dev_res add_size 1000 min_align 1000
[    0.739003] pci 0000:00:17.7: res[13]=[io  0x1000-0x1fff] res_to_dev_res add_size 1000 min_align 1000
[    0.739005] pci 0000:00:18.2: res[13]=[io  0x1000-0x0fff] res_to_dev_res add_size 1000 min_align 1000
[    0.739007] pci 0000:00:18.2: res[13]=[io  0x1000-0x1fff] res_to_dev_res add_size 1000 min_align 1000
[    0.739012] pci 0000:00:18.3: res[13]=[io  0x1000-0x0fff] res_to_dev_res add_size 1000 min_align 1000
[    0.739014] pci 0000:00:18.3: res[13]=[io  0x1000-0x1fff] res_to_dev_res add_size 1000 min_align 1000
[    0.739016] pci 0000:00:18.4: res[13]=[io  0x1000-0x0fff] res_to_dev_res add_size 1000 min_align 1000
[    0.739017] pci 0000:00:18.4: res[13]=[io  0x1000-0x1fff] res_to_dev_res add_size 1000 min_align 1000
[    0.739018] pci 0000:00:18.5: res[13]=[io  0x1000-0x0fff] res_to_dev_res add_size 1000 min_align 1000
[    0.739019] pci 0000:00:18.5: res[13]=[io  0x1000-0x1fff] res_to_dev_res add_size 1000 min_align 1000
[    0.739020] pci 0000:00:18.6: res[13]=[io  0x1000-0x0fff] res_to_dev_res add_size 1000 min_align 1000
[    0.739021] pci 0000:00:18.6: res[13]=[io  0x1000-0x1fff] res_to_dev_res add_size 1000 min_align 1000
[    0.739022] pci 0000:00:18.7: res[13]=[io  0x1000-0x0fff] res_to_dev_res add_size 1000 min_align 1000
[    0.739023] pci 0000:00:18.7: res[13]=[io  0x1000-0x1fff] res_to_dev_res add_size 1000 min_align 1000
[    0.739028] pci 0000:00:0f.0: BAR 6: assigned [mem 0xc0000000-0xc0007fff pref]
[    0.739030] pci 0000:00:10.0: BAR 6: assigned [mem 0xc0008000-0xc000bfff pref]
[    0.739034] pci 0000:00:15.3: BAR 13: no space for [io  size 0x1000]
[    0.739036] pci 0000:00:15.3: BAR 13: failed to assign [io  size 0x1000]
[    0.739038] pci 0000:00:15.4: BAR 13: no space for [io  size 0x1000]
[    0.739039] pci 0000:00:15.4: BAR 13: failed to assign [io  size 0x1000]
[    0.739040] pci 0000:00:15.5: BAR 13: no space for [io  size 0x1000]
[    0.739041] pci 0000:00:15.5: BAR 13: failed to assign [io  size 0x1000]
[    0.739092] pci 0000:00:15.6: BAR 13: no space for [io  size 0x1000]
[    0.739093] pci 0000:00:15.6: BAR 13: failed to assign [io  size 0x1000]
[    0.739095] pci 0000:00:15.7: BAR 13: no space for [io  size 0x1000]
[    0.739096] pci 0000:00:15.7: BAR 13: failed to assign [io  size 0x1000]
[    0.739097] pci 0000:00:16.3: BAR 13: no space for [io  size 0x1000]
[    0.739098] pci 0000:00:16.3: BAR 13: failed to assign [io  size 0x1000]
[    0.739099] pci 0000:00:16.4: BAR 13: no space for [io  size 0x1000]
[    0.739100] pci 0000:00:16.4: BAR 13: failed to assign [io  size 0x1000]
[    0.739102] pci 0000:00:16.5: BAR 13: no space for [io  size 0x1000]
[    0.739103] pci 0000:00:16.5: BAR 13: failed to assign [io  size 0x1000]
[    0.739104] pci 0000:00:16.6: BAR 13: no space for [io  size 0x1000]
[    0.739105] pci 0000:00:16.6: BAR 13: failed to assign [io  size 0x1000]
[    0.739107] pci 0000:00:16.7: BAR 13: no space for [io  size 0x1000]
[    0.739108] pci 0000:00:16.7: BAR 13: failed to assign [io  size 0x1000]
[    0.739109] pci 0000:00:17.3: BAR 13: no space for [io  size 0x1000]
[    0.739110] pci 0000:00:17.3: BAR 13: failed to assign [io  size 0x1000]
[    0.739112] pci 0000:00:17.4: BAR 13: no space for [io  size 0x1000]
[    0.739112] pci 0000:00:17.4: BAR 13: failed to assign [io  size 0x1000]
[    0.739114] pci 0000:00:17.5: BAR 13: no space for [io  size 0x1000]
[    0.739115] pci 0000:00:17.5: BAR 13: failed to assign [io  size 0x1000]
[    0.739116] pci 0000:00:17.6: BAR 13: no space for [io  size 0x1000]
[    0.739117] pci 0000:00:17.6: BAR 13: failed to assign [io  size 0x1000]
[    0.739119] pci 0000:00:17.7: BAR 13: no space for [io  size 0x1000]
[    0.739120] pci 0000:00:17.7: BAR 13: failed to assign [io  size 0x1000]
[    0.739121] pci 0000:00:18.2: BAR 13: no space for [io  size 0x1000]
[    0.739122] pci 0000:00:18.2: BAR 13: failed to assign [io  size 0x1000]
[    0.739123] pci 0000:00:18.3: BAR 13: no space for [io  size 0x1000]
[    0.739124] pci 0000:00:18.3: BAR 13: failed to assign [io  size 0x1000]
[    0.739126] pci 0000:00:18.4: BAR 13: no space for [io  size 0x1000]
[    0.739127] pci 0000:00:18.4: BAR 13: failed to assign [io  size 0x1000]
[    0.739128] pci 0000:00:18.5: BAR 13: no space for [io  size 0x1000]
[    0.739129] pci 0000:00:18.5: BAR 13: failed to assign [io  size 0x1000]
[    0.739130] pci 0000:00:18.6: BAR 13: no space for [io  size 0x1000]
[    0.739131] pci 0000:00:18.6: BAR 13: failed to assign [io  size 0x1000]
[    0.739133] pci 0000:00:18.7: BAR 13: no space for [io  size 0x1000]
[    0.739134] pci 0000:00:18.7: BAR 13: failed to assign [io  size 0x1000]
[    0.739138] pci 0000:00:18.7: BAR 13: no space for [io  size 0x1000]
[    0.739139] pci 0000:00:18.7: BAR 13: failed to assign [io  size 0x1000]
[    0.739141] pci 0000:00:18.6: BAR 13: no space for [io  size 0x1000]
[    0.739142] pci 0000:00:18.6: BAR 13: failed to assign [io  size 0x1000]
[    0.739143] pci 0000:00:18.5: BAR 13: no space for [io  size 0x1000]
[    0.739144] pci 0000:00:18.5: BAR 13: failed to assign [io  size 0x1000]
[    0.739145] pci 0000:00:18.4: BAR 13: no space for [io  size 0x1000]
[    0.739146] pci 0000:00:18.4: BAR 13: failed to assign [io  size 0x1000]
[    0.739148] pci 0000:00:18.3: BAR 13: no space for [io  size 0x1000]
[    0.739149] pci 0000:00:18.3: BAR 13: failed to assign [io  size 0x1000]
[    0.739150] pci 0000:00:18.2: BAR 13: no space for [io  size 0x1000]
[    0.739151] pci 0000:00:18.2: BAR 13: failed to assign [io  size 0x1000]
[    0.739153] pci 0000:00:17.7: BAR 13: no space for [io  size 0x1000]
[    0.739154] pci 0000:00:17.7: BAR 13: failed to assign [io  size 0x1000]
[    0.739155] pci 0000:00:17.6: BAR 13: no space for [io  size 0x1000]
[    0.739156] pci 0000:00:17.6: BAR 13: failed to assign [io  size 0x1000]
[    0.739157] pci 0000:00:17.5: BAR 13: no space for [io  size 0x1000]
[    0.739158] pci 0000:00:17.5: BAR 13: failed to assign [io  size 0x1000]
[    0.739160] pci 0000:00:17.4: BAR 13: no space for [io  size 0x1000]
[    0.739161] pci 0000:00:17.4: BAR 13: failed to assign [io  size 0x1000]
[    0.739162] pci 0000:00:17.3: BAR 13: no space for [io  size 0x1000]
[    0.739163] pci 0000:00:17.3: BAR 13: failed to assign [io  size 0x1000]
[    0.739165] pci 0000:00:16.7: BAR 13: no space for [io  size 0x1000]
[    0.739165] pci 0000:00:16.7: BAR 13: failed to assign [io  size 0x1000]
[    0.739167] pci 0000:00:16.6: BAR 13: no space for [io  size 0x1000]
[    0.739168] pci 0000:00:16.6: BAR 13: failed to assign [io  size 0x1000]
[    0.739169] pci 0000:00:16.5: BAR 13: no space for [io  size 0x1000]
[    0.739170] pci 0000:00:16.5: BAR 13: failed to assign [io  size 0x1000]
[    0.739172] pci 0000:00:16.4: BAR 13: no space for [io  size 0x1000]
[    0.739173] pci 0000:00:16.4: BAR 13: failed to assign [io  size 0x1000]
[    0.739174] pci 0000:00:16.3: BAR 13: no space for [io  size 0x1000]
[    0.739175] pci 0000:00:16.3: BAR 13: failed to assign [io  size 0x1000]
[    0.739176] pci 0000:00:15.7: BAR 13: no space for [io  size 0x1000]
[    0.739177] pci 0000:00:15.7: BAR 13: failed to assign [io  size 0x1000]
[    0.739179] pci 0000:00:15.6: BAR 13: no space for [io  size 0x1000]
[    0.739180] pci 0000:00:15.6: BAR 13: failed to assign [io  size 0x1000]
[    0.739181] pci 0000:00:15.5: BAR 13: no space for [io  size 0x1000]
[    0.739182] pci 0000:00:15.5: BAR 13: failed to assign [io  size 0x1000]
[    0.739183] pci 0000:00:15.4: BAR 13: no space for [io  size 0x1000]
[    0.739184] pci 0000:00:15.4: BAR 13: failed to assign [io  size 0x1000]
[    0.739186] pci 0000:00:15.3: BAR 13: no space for [io  size 0x1000]
[    0.739187] pci 0000:00:15.3: BAR 13: failed to assign [io  size 0x1000]
[    0.739189] pci 0000:00:01.0: PCI bridge to [bus 01]
[    0.739318] pci 0000:02:01.0: BAR 6: assigned [mem 0xfd500000-0xfd50ffff pref]
[    0.739320] pci 0000:00:11.0: PCI bridge to [bus 02]
[    0.739335] pci 0000:00:11.0:   bridge window [io  0x2000-0x3fff]
[    0.739374] pci 0000:00:11.0:   bridge window [mem 0xfd500000-0xfdffffff]
[    0.739401] pci 0000:00:11.0:   bridge window [mem 0xe7b00000-0xe7ffffff 64bit pref]
[    0.739454] pci 0000:00:15.0: PCI bridge to [bus 03]
[    0.739468] pci 0000:00:15.0:   bridge window [io  0x4000-0x4fff]
[    0.739507] pci 0000:00:15.0:   bridge window [mem 0xfd400000-0xfd4fffff]
[    0.739534] pci 0000:00:15.0:   bridge window [mem 0xe7a00000-0xe7afffff 64bit pref]
[    0.739642] pci 0000:00:15.1: PCI bridge to [bus 04]
[    0.739658] pci 0000:00:15.1:   bridge window [io  0x8000-0x8fff]
[    0.739697] pci 0000:00:15.1:   bridge window [mem 0xfd000000-0xfd0fffff]
[    0.739724] pci 0000:00:15.1:   bridge window [mem 0xe7600000-0xe76fffff 64bit pref]
[    0.739794] pci 0000:00:15.2: PCI bridge to [bus 05]
[    0.739808] pci 0000:00:15.2:   bridge window [io  0xc000-0xcfff]
[    0.739847] pci 0000:00:15.2:   bridge window [mem 0xfcc00000-0xfccfffff]
[    0.739874] pci 0000:00:15.2:   bridge window [mem 0xe7200000-0xe72fffff 64bit pref]
[    0.739990] pci 0000:00:15.3: PCI bridge to [bus 06]
[    0.740041] pci 0000:00:15.3:   bridge window [mem 0xfc800000-0xfc8fffff]
[    0.740068] pci 0000:00:15.3:   bridge window [mem 0xe6e00000-0xe6efffff 64bit pref]
[    0.740153] pci 0000:00:15.4: PCI bridge to [bus 07]
[    0.740193] pci 0000:00:15.4:   bridge window [mem 0xfc400000-0xfc4fffff]
[    0.740219] pci 0000:00:15.4:   bridge window [mem 0xe6a00000-0xe6afffff 64bit pref]
[    0.740287] pci 0000:00:15.5: PCI bridge to [bus 08]
[    0.740327] pci 0000:00:15.5:   bridge window [mem 0xfc000000-0xfc0fffff]
[    0.740353] pci 0000:00:15.5:   bridge window [mem 0xe6600000-0xe66fffff 64bit pref]
[    0.740421] pci 0000:00:15.6: PCI bridge to [bus 09]
[    0.740460] pci 0000:00:15.6:   bridge window [mem 0xfbc00000-0xfbcfffff]
[    0.740486] pci 0000:00:15.6:   bridge window [mem 0xe6200000-0xe62fffff 64bit pref]
[    0.740554] pci 0000:00:15.7: PCI bridge to [bus 0a]
[    0.740593] pci 0000:00:15.7:   bridge window [mem 0xfb800000-0xfb8fffff]
[    0.740623] pci 0000:00:15.7:   bridge window [mem 0xe5e00000-0xe5efffff 64bit pref]
[    0.740714] pci 0000:00:16.0: PCI bridge to [bus 0b]
[    0.740733] pci 0000:00:16.0:   bridge window [io  0x5000-0x5fff]
[    0.740786] pci 0000:00:16.0:   bridge window [mem 0xfd300000-0xfd3fffff]
[    0.740820] pci 0000:00:16.0:   bridge window [mem 0xe7900000-0xe79fffff 64bit pref]
[    0.740924] pci 0000:00:16.1: PCI bridge to [bus 0c]
[    0.740983] pci 0000:00:16.1:   bridge window [io  0x9000-0x9fff]
[    0.741062] pci 0000:00:16.1:   bridge window [mem 0xfcf00000-0xfcffffff]
[    0.741141] pci 0000:00:16.1:   bridge window [mem 0xe7500000-0xe75fffff 64bit pref]
[    0.741233] pci 0000:00:16.2: PCI bridge to [bus 0d]
[    0.741252] pci 0000:00:16.2:   bridge window [io  0xd000-0xdfff]
[    0.741301] pci 0000:00:16.2:   bridge window [mem 0xfcb00000-0xfcbfffff]
[    0.741334] pci 0000:00:16.2:   bridge window [mem 0xe7100000-0xe71fffff 64bit pref]
[    0.741421] pci 0000:00:16.3: PCI bridge to [bus 0e]
[    0.741471] pci 0000:00:16.3:   bridge window [mem 0xfc700000-0xfc7fffff]
[    0.741504] pci 0000:00:16.3:   bridge window [mem 0xe6d00000-0xe6dfffff 64bit pref]
[    0.741590] pci 0000:00:16.4: PCI bridge to [bus 0f]
[    0.741639] pci 0000:00:16.4:   bridge window [mem 0xfc300000-0xfc3fffff]
[    0.741673] pci 0000:00:16.4:   bridge window [mem 0xe6900000-0xe69fffff 64bit pref]
[    0.741759] pci 0000:00:16.5: PCI bridge to [bus 10]
[    0.741809] pci 0000:00:16.5:   bridge window [mem 0xfbf00000-0xfbffffff]
[    0.741844] pci 0000:00:16.5:   bridge window [mem 0xe6500000-0xe65fffff 64bit pref]
[    0.741929] pci 0000:00:16.6: PCI bridge to [bus 11]
[    0.742021] pci 0000:00:16.6:   bridge window [mem 0xfbb00000-0xfbbfffff]
[    0.742055] pci 0000:00:16.6:   bridge window [mem 0xe6100000-0xe61fffff 64bit pref]
[    0.742162] pci 0000:00:16.7: PCI bridge to [bus 12]
[    0.742212] pci 0000:00:16.7:   bridge window [mem 0xfb700000-0xfb7fffff]
[    0.742245] pci 0000:00:16.7:   bridge window [mem 0xe5d00000-0xe5dfffff 64bit pref]
[    0.742331] pci 0000:00:17.0: PCI bridge to [bus 13]
[    0.742350] pci 0000:00:17.0:   bridge window [io  0x6000-0x6fff]
[    0.742399] pci 0000:00:17.0:   bridge window [mem 0xfd200000-0xfd2fffff]
[    0.742432] pci 0000:00:17.0:   bridge window [mem 0xe7800000-0xe78fffff 64bit pref]
[    0.742518] pci 0000:00:17.1: PCI bridge to [bus 14]
[    0.742536] pci 0000:00:17.1:   bridge window [io  0xa000-0xafff]
[    0.742585] pci 0000:00:17.1:   bridge window [mem 0xfce00000-0xfcefffff]
[    0.742618] pci 0000:00:17.1:   bridge window [mem 0xe7400000-0xe74fffff 64bit pref]
[    0.742703] pci 0000:00:17.2: PCI bridge to [bus 15]
[    0.742721] pci 0000:00:17.2:   bridge window [io  0xe000-0xefff]
[    0.742770] pci 0000:00:17.2:   bridge window [mem 0xfca00000-0xfcafffff]
[    0.742803] pci 0000:00:17.2:   bridge window [mem 0xe7000000-0xe70fffff 64bit pref]
[    0.742888] pci 0000:00:17.3: PCI bridge to [bus 16]
[    0.743015] pci 0000:00:17.3:   bridge window [mem 0xfc600000-0xfc6fffff]
[    0.743097] pci 0000:00:17.3:   bridge window [mem 0xe6c00000-0xe6cfffff 64bit pref]
[    0.743211] pci 0000:00:17.4: PCI bridge to [bus 17]
[    0.743268] pci 0000:00:17.4:   bridge window [mem 0xfc200000-0xfc2fffff]
[    0.743304] pci 0000:00:17.4:   bridge window [mem 0xe6800000-0xe68fffff 64bit pref]
[    0.743403] pci 0000:00:17.5: PCI bridge to [bus 18]
[    0.743457] pci 0000:00:17.5:   bridge window [mem 0xfbe00000-0xfbefffff]
[    0.743494] pci 0000:00:17.5:   bridge window [mem 0xe6400000-0xe64fffff 64bit pref]
[    0.743589] pci 0000:00:17.6: PCI bridge to [bus 19]
[    0.743644] pci 0000:00:17.6:   bridge window [mem 0xfba00000-0xfbafffff]
[    0.743681] pci 0000:00:17.6:   bridge window [mem 0xe6000000-0xe60fffff 64bit pref]
[    0.743777] pci 0000:00:17.7: PCI bridge to [bus 1a]
[    0.743831] pci 0000:00:17.7:   bridge window [mem 0xfb600000-0xfb6fffff]
[    0.743868] pci 0000:00:17.7:   bridge window [mem 0xe5c00000-0xe5cfffff 64bit pref]
[    0.743967] pci 0000:00:18.0: PCI bridge to [bus 1b]
[    0.743989] pci 0000:00:18.0:   bridge window [io  0x7000-0x7fff]
[    0.744042] pci 0000:00:18.0:   bridge window [mem 0xfd100000-0xfd1fffff]
[    0.744092] pci 0000:00:18.0:   bridge window [mem 0xe7700000-0xe77fffff 64bit pref]
[    0.744193] pci 0000:00:18.1: PCI bridge to [bus 1c]
[    0.744214] pci 0000:00:18.1:   bridge window [io  0xb000-0xbfff]
[    0.744268] pci 0000:00:18.1:   bridge window [mem 0xfcd00000-0xfcdfffff]
[    0.744304] pci 0000:00:18.1:   bridge window [mem 0xe7300000-0xe73fffff 64bit pref]
[    0.744400] pci 0000:00:18.2: PCI bridge to [bus 1d]
[    0.744455] pci 0000:00:18.2:   bridge window [mem 0xfc900000-0xfc9fffff]
[    0.744491] pci 0000:00:18.2:   bridge window [mem 0xe6f00000-0xe6ffffff 64bit pref]
[    0.744589] pci 0000:00:18.3: PCI bridge to [bus 1e]
[    0.744644] pci 0000:00:18.3:   bridge window [mem 0xfc500000-0xfc5fffff]
[    0.744681] pci 0000:00:18.3:   bridge window [mem 0xe6b00000-0xe6bfffff 64bit pref]
[    0.744776] pci 0000:00:18.4: PCI bridge to [bus 1f]
[    0.744830] pci 0000:00:18.4:   bridge window [mem 0xfc100000-0xfc1fffff]
[    0.744877] pci 0000:00:18.4:   bridge window [mem 0xe6700000-0xe67fffff 64bit pref]
[    0.745042] pci 0000:00:18.5: PCI bridge to [bus 20]
[    0.745114] pci 0000:00:18.5:   bridge window [mem 0xfbd00000-0xfbdfffff]
[    0.745148] pci 0000:00:18.5:   bridge window [mem 0xe6300000-0xe63fffff 64bit pref]
[    0.745237] pci 0000:00:18.6: PCI bridge to [bus 21]
[    0.745287] pci 0000:00:18.6:   bridge window [mem 0xfb900000-0xfb9fffff]
[    0.745321] pci 0000:00:18.6:   bridge window [mem 0xe5f00000-0xe5ffffff 64bit pref]
[    0.745409] pci 0000:00:18.7: PCI bridge to [bus 22]
[    0.745459] pci 0000:00:18.7:   bridge window [mem 0xfb500000-0xfb5fffff]
[    0.745492] pci 0000:00:18.7:   bridge window [mem 0xe5b00000-0xe5bfffff 64bit pref]
[    0.745579] pci_bus 0000:00: resource 4 [mem 0x000a0000-0x000bffff window]
[    0.745582] pci_bus 0000:00: resource 5 [mem 0x000cc000-0x000cffff window]
[    0.745583] pci_bus 0000:00: resource 6 [mem 0x000d0000-0x000d3fff window]
[    0.745585] pci_bus 0000:00: resource 7 [mem 0x000d4000-0x000d7fff window]
[    0.745587] pci_bus 0000:00: resource 8 [mem 0x000d8000-0x000dbfff window]
[    0.745589] pci_bus 0000:00: resource 9 [mem 0xc0000000-0xfebfffff window]
[    0.745591] pci_bus 0000:00: resource 10 [io  0x0000-0x0cf7 window]
[    0.745593] pci_bus 0000:00: resource 11 [io  0x0d00-0xfeff window]
[    0.745597] pci_bus 0000:02: resource 0 [io  0x2000-0x3fff]
[    0.745599] pci_bus 0000:02: resource 1 [mem 0xfd500000-0xfdffffff]
[    0.745601] pci_bus 0000:02: resource 2 [mem 0xe7b00000-0xe7ffffff 64bit pref]
[    0.745603] pci_bus 0000:02: resource 4 [mem 0x000a0000-0x000bffff window]
[    0.745605] pci_bus 0000:02: resource 5 [mem 0x000cc000-0x000cffff window]
[    0.745607] pci_bus 0000:02: resource 6 [mem 0x000d0000-0x000d3fff window]
[    0.745608] pci_bus 0000:02: resource 7 [mem 0x000d4000-0x000d7fff window]
[    0.745610] pci_bus 0000:02: resource 8 [mem 0x000d8000-0x000dbfff window]
[    0.745612] pci_bus 0000:02: resource 9 [mem 0xc0000000-0xfebfffff window]
[    0.745614] pci_bus 0000:02: resource 10 [io  0x0000-0x0cf7 window]
[    0.745616] pci_bus 0000:02: resource 11 [io  0x0d00-0xfeff window]
[    0.745618] pci_bus 0000:03: resource 0 [io  0x4000-0x4fff]
[    0.745620] pci_bus 0000:03: resource 1 [mem 0xfd400000-0xfd4fffff]
[    0.745622] pci_bus 0000:03: resource 2 [mem 0xe7a00000-0xe7afffff 64bit pref]
[    0.745624] pci_bus 0000:04: resource 0 [io  0x8000-0x8fff]
[    0.745626] pci_bus 0000:04: resource 1 [mem 0xfd000000-0xfd0fffff]
[    0.745628] pci_bus 0000:04: resource 2 [mem 0xe7600000-0xe76fffff 64bit pref]
[    0.745630] pci_bus 0000:05: resource 0 [io  0xc000-0xcfff]
[    0.745631] pci_bus 0000:05: resource 1 [mem 0xfcc00000-0xfccfffff]
[    0.745633] pci_bus 0000:05: resource 2 [mem 0xe7200000-0xe72fffff 64bit pref]
[    0.745635] pci_bus 0000:06: resource 1 [mem 0xfc800000-0xfc8fffff]
[    0.745637] pci_bus 0000:06: resource 2 [mem 0xe6e00000-0xe6efffff 64bit pref]
[    0.745639] pci_bus 0000:07: resource 1 [mem 0xfc400000-0xfc4fffff]
[    0.745641] pci_bus 0000:07: resource 2 [mem 0xe6a00000-0xe6afffff 64bit pref]
[    0.745643] pci_bus 0000:08: resource 1 [mem 0xfc000000-0xfc0fffff]
[    0.745645] pci_bus 0000:08: resource 2 [mem 0xe6600000-0xe66fffff 64bit pref]
[    0.745647] pci_bus 0000:09: resource 1 [mem 0xfbc00000-0xfbcfffff]
[    0.745649] pci_bus 0000:09: resource 2 [mem 0xe6200000-0xe62fffff 64bit pref]
[    0.745651] pci_bus 0000:0a: resource 1 [mem 0xfb800000-0xfb8fffff]
[    0.745653] pci_bus 0000:0a: resource 2 [mem 0xe5e00000-0xe5efffff 64bit pref]
[    0.745655] pci_bus 0000:0b: resource 0 [io  0x5000-0x5fff]
[    0.745656] pci_bus 0000:0b: resource 1 [mem 0xfd300000-0xfd3fffff]
[    0.745658] pci_bus 0000:0b: resource 2 [mem 0xe7900000-0xe79fffff 64bit pref]
[    0.745660] pci_bus 0000:0c: resource 0 [io  0x9000-0x9fff]
[    0.745662] pci_bus 0000:0c: resource 1 [mem 0xfcf00000-0xfcffffff]
[    0.745664] pci_bus 0000:0c: resource 2 [mem 0xe7500000-0xe75fffff 64bit pref]
[    0.745666] pci_bus 0000:0d: resource 0 [io  0xd000-0xdfff]
[    0.745668] pci_bus 0000:0d: resource 1 [mem 0xfcb00000-0xfcbfffff]
[    0.745669] pci_bus 0000:0d: resource 2 [mem 0xe7100000-0xe71fffff 64bit pref]
[    0.745672] pci_bus 0000:0e: resource 1 [mem 0xfc700000-0xfc7fffff]
[    0.745673] pci_bus 0000:0e: resource 2 [mem 0xe6d00000-0xe6dfffff 64bit pref]
[    0.745675] pci_bus 0000:0f: resource 1 [mem 0xfc300000-0xfc3fffff]
[    0.745677] pci_bus 0000:0f: resource 2 [mem 0xe6900000-0xe69fffff 64bit pref]
[    0.745679] pci_bus 0000:10: resource 1 [mem 0xfbf00000-0xfbffffff]
[    0.745681] pci_bus 0000:10: resource 2 [mem 0xe6500000-0xe65fffff 64bit pref]
[    0.745683] pci_bus 0000:11: resource 1 [mem 0xfbb00000-0xfbbfffff]
[    0.745685] pci_bus 0000:11: resource 2 [mem 0xe6100000-0xe61fffff 64bit pref]
[    0.745687] pci_bus 0000:12: resource 1 [mem 0xfb700000-0xfb7fffff]
[    0.745689] pci_bus 0000:12: resource 2 [mem 0xe5d00000-0xe5dfffff 64bit pref]
[    0.745691] pci_bus 0000:13: resource 0 [io  0x6000-0x6fff]
[    0.745692] pci_bus 0000:13: resource 1 [mem 0xfd200000-0xfd2fffff]
[    0.745694] pci_bus 0000:13: resource 2 [mem 0xe7800000-0xe78fffff 64bit pref]
[    0.745696] pci_bus 0000:14: resource 0 [io  0xa000-0xafff]
[    0.745698] pci_bus 0000:14: resource 1 [mem 0xfce00000-0xfcefffff]
[    0.745700] pci_bus 0000:14: resource 2 [mem 0xe7400000-0xe74fffff 64bit pref]
[    0.745702] pci_bus 0000:15: resource 0 [io  0xe000-0xefff]
[    0.745703] pci_bus 0000:15: resource 1 [mem 0xfca00000-0xfcafffff]
[    0.745705] pci_bus 0000:15: resource 2 [mem 0xe7000000-0xe70fffff 64bit pref]
[    0.745707] pci_bus 0000:16: resource 1 [mem 0xfc600000-0xfc6fffff]
[    0.745709] pci_bus 0000:16: resource 2 [mem 0xe6c00000-0xe6cfffff 64bit pref]
[    0.745711] pci_bus 0000:17: resource 1 [mem 0xfc200000-0xfc2fffff]
[    0.745713] pci_bus 0000:17: resource 2 [mem 0xe6800000-0xe68fffff 64bit pref]
[    0.745715] pci_bus 0000:18: resource 1 [mem 0xfbe00000-0xfbefffff]
[    0.745717] pci_bus 0000:18: resource 2 [mem 0xe6400000-0xe64fffff 64bit pref]
[    0.745719] pci_bus 0000:19: resource 1 [mem 0xfba00000-0xfbafffff]
[    0.745721] pci_bus 0000:19: resource 2 [mem 0xe6000000-0xe60fffff 64bit pref]
[    0.745723] pci_bus 0000:1a: resource 1 [mem 0xfb600000-0xfb6fffff]
[    0.745724] pci_bus 0000:1a: resource 2 [mem 0xe5c00000-0xe5cfffff 64bit pref]
[    0.745726] pci_bus 0000:1b: resource 0 [io  0x7000-0x7fff]
[    0.745728] pci_bus 0000:1b: resource 1 [mem 0xfd100000-0xfd1fffff]
[    0.745730] pci_bus 0000:1b: resource 2 [mem 0xe7700000-0xe77fffff 64bit pref]
[    0.745732] pci_bus 0000:1c: resource 0 [io  0xb000-0xbfff]
[    0.745733] pci_bus 0000:1c: resource 1 [mem 0xfcd00000-0xfcdfffff]
[    0.745735] pci_bus 0000:1c: resource 2 [mem 0xe7300000-0xe73fffff 64bit pref]
[    0.745737] pci_bus 0000:1d: resource 1 [mem 0xfc900000-0xfc9fffff]
[    0.745739] pci_bus 0000:1d: resource 2 [mem 0xe6f00000-0xe6ffffff 64bit pref]
[    0.745741] pci_bus 0000:1e: resource 1 [mem 0xfc500000-0xfc5fffff]
[    0.745743] pci_bus 0000:1e: resource 2 [mem 0xe6b00000-0xe6bfffff 64bit pref]
[    0.745744] pci_bus 0000:1f: resource 1 [mem 0xfc100000-0xfc1fffff]
[    0.745746] pci_bus 0000:1f: resource 2 [mem 0xe6700000-0xe67fffff 64bit pref]
[    0.745748] pci_bus 0000:20: resource 1 [mem 0xfbd00000-0xfbdfffff]
[    0.745750] pci_bus 0000:20: resource 2 [mem 0xe6300000-0xe63fffff 64bit pref]
[    0.745752] pci_bus 0000:21: resource 1 [mem 0xfb900000-0xfb9fffff]
[    0.745754] pci_bus 0000:21: resource 2 [mem 0xe5f00000-0xe5ffffff 64bit pref]
[    0.745757] pci_bus 0000:22: resource 1 [mem 0xfb500000-0xfb5fffff]
[    0.745759] pci_bus 0000:22: resource 2 [mem 0xe5b00000-0xe5bfffff 64bit pref]
[    0.746133] NET: Registered protocol family 2
[    0.749429] TCP established hash table entries: 8192 (order: 4, 65536 bytes)
[    0.750066] TCP bind hash table entries: 8192 (order: 5, 131072 bytes)
[    0.751042] TCP: Hash tables configured (established 8192 bind 8192)
[    0.752153] TCP: reno registered
[    0.752172] UDP hash table entries: 512 (order: 2, 16384 bytes)
[    0.752314] UDP-Lite hash table entries: 512 (order: 2, 16384 bytes)
[    0.754608] NET: Registered protocol family 1
[    0.754627] pci 0000:00:00.0: Limiting direct PCI/PCI transfers
[    0.754761] pci 0000:00:0f.0: Boot video device
[    0.756914] PCI: CLS mismatch (32 != 64), using 64 bytes
[    0.758415] Unpacking initramfs...
[    1.610735] Freeing initrd memory: 21172k freed
[    1.614023] RAPL PMU: API unit is 2^-32 Joules, 5 fixed counters, 10737418240 ms ovfl timer
[    1.614027] RAPL PMU: hw unit of domain pp0-core 2^-0 Joules
[    1.614028] RAPL PMU: hw unit of domain package 2^-0 Joules
[    1.614029] RAPL PMU: hw unit of domain dram 2^-0 Joules
[    1.614030] RAPL PMU: hw unit of domain pp1-gpu 2^-0 Joules
[    1.614031] RAPL PMU: hw unit of domain psys 2^-0 Joules
[    1.614055] Simple Boot Flag at 0x36 set to 0x80
[    1.614128] Switched to clocksource tsc
[    1.614569] sha1_ssse3: Using AVX2 optimized SHA-1 implementation
[    1.615048] sha256_ssse3: Using AVX2 optimized SHA-256 implementation
[    1.619996] futex hash table entries: 32768 (order: 9, 2097152 bytes)
[    1.635263] Initialise system trusted keyring
[    1.635323] audit: initializing netlink socket (disabled)
[    1.635339] type=2000 audit(1540984880.550:1): initialized
[    1.670442] HugeTLB registered 1 GB page size, pre-allocated 0 pages
[    1.670445] HugeTLB registered 2 MB page size, pre-allocated 0 pages
[    1.671625] zpool: loaded
[    1.671627] zbud: loaded
[    1.671835] VFS: Disk quotas dquot_6.5.2
[    1.671899] Dquot-cache hash table entries: 512 (order 0, 4096 bytes)
[    1.672139] msgmni has been set to 1942
[    1.672196] Key type big_key registered
[    1.672198] SELinux:  Registering netfilter hooks
[    1.672968] NET: Registered protocol family 38
[    1.672974] Key type asymmetric registered
[    1.672976] Asymmetric key parser 'x509' registered
[    1.673015] Block layer SCSI generic (bsg) driver version 0.4 loaded (major 248)
[    1.673049] io scheduler noop registered
[    1.673052] io scheduler deadline registered (default)
[    1.673078] io scheduler cfq registered
[    1.673080] io scheduler mq-deadline registered
[    1.673082] io scheduler kyber registered
[    1.673527] pcieport 0000:00:15.0: irq 24 for MSI/MSI-X
[    1.674473] pcieport 0000:00:15.1: irq 25 for MSI/MSI-X
[    1.675320] pcieport 0000:00:15.2: irq 26 for MSI/MSI-X
[    1.676132] pcieport 0000:00:15.3: irq 27 for MSI/MSI-X
[    1.677028] pcieport 0000:00:15.4: irq 28 for MSI/MSI-X
[    1.677983] pcieport 0000:00:15.5: irq 29 for MSI/MSI-X
[    1.678771] pcieport 0000:00:15.6: irq 30 for MSI/MSI-X
[    1.679584] pcieport 0000:00:15.7: irq 31 for MSI/MSI-X
[    1.680400] pcieport 0000:00:16.0: irq 32 for MSI/MSI-X
[    1.681191] pcieport 0000:00:16.1: irq 33 for MSI/MSI-X
[    1.681985] pcieport 0000:00:16.2: irq 34 for MSI/MSI-X
[    1.682742] pcieport 0000:00:16.3: irq 35 for MSI/MSI-X
[    1.683863] pcieport 0000:00:16.4: irq 36 for MSI/MSI-X
[    1.684901] pcieport 0000:00:16.5: irq 37 for MSI/MSI-X
[    1.685678] pcieport 0000:00:16.6: irq 38 for MSI/MSI-X
[    1.686664] pcieport 0000:00:16.7: irq 39 for MSI/MSI-X
[    1.687606] pcieport 0000:00:17.0: irq 40 for MSI/MSI-X
[    1.688549] pcieport 0000:00:17.1: irq 41 for MSI/MSI-X
[    1.689490] pcieport 0000:00:17.2: irq 42 for MSI/MSI-X
[    1.690431] pcieport 0000:00:17.3: irq 43 for MSI/MSI-X
[    1.691474] pcieport 0000:00:17.4: irq 44 for MSI/MSI-X
[    1.692498] pcieport 0000:00:17.5: irq 45 for MSI/MSI-X
[    1.693438] pcieport 0000:00:17.6: irq 46 for MSI/MSI-X
[    1.694280] pcieport 0000:00:17.7: irq 47 for MSI/MSI-X
[    1.695099] pcieport 0000:00:18.0: irq 48 for MSI/MSI-X
[    1.695992] pcieport 0000:00:18.1: irq 49 for MSI/MSI-X
[    1.696818] pcieport 0000:00:18.2: irq 50 for MSI/MSI-X
[    1.697912] pcieport 0000:00:18.3: irq 51 for MSI/MSI-X
[    1.698718] pcieport 0000:00:18.4: irq 52 for MSI/MSI-X
[    1.699550] pcieport 0000:00:18.5: irq 53 for MSI/MSI-X
[    1.700484] pcieport 0000:00:18.6: irq 54 for MSI/MSI-X
[    1.702147] pcieport 0000:00:18.7: irq 55 for MSI/MSI-X
[    1.702838] pcieport 0000:00:15.0: Signaling PME through PCIe PME interrupt
[    1.702876] pcie_pme 0000:00:15.0:pcie001: service driver pcie_pme loaded
[    1.703035] pcieport 0000:00:15.1: Signaling PME through PCIe PME interrupt
[    1.703064] pcie_pme 0000:00:15.1:pcie001: service driver pcie_pme loaded
[    1.703215] pcieport 0000:00:15.2: Signaling PME through PCIe PME interrupt
[    1.703242] pcie_pme 0000:00:15.2:pcie001: service driver pcie_pme loaded
[    1.703380] pcieport 0000:00:15.3: Signaling PME through PCIe PME interrupt
[    1.703408] pcie_pme 0000:00:15.3:pcie001: service driver pcie_pme loaded
[    1.703545] pcieport 0000:00:15.4: Signaling PME through PCIe PME interrupt
[    1.703572] pcie_pme 0000:00:15.4:pcie001: service driver pcie_pme loaded
[    1.703711] pcieport 0000:00:15.5: Signaling PME through PCIe PME interrupt
[    1.703739] pcie_pme 0000:00:15.5:pcie001: service driver pcie_pme loaded
[    1.703917] pcieport 0000:00:15.6: Signaling PME through PCIe PME interrupt
[    1.703945] pcie_pme 0000:00:15.6:pcie001: service driver pcie_pme loaded
[    1.704096] pcieport 0000:00:15.7: Signaling PME through PCIe PME interrupt
[    1.704124] pcie_pme 0000:00:15.7:pcie001: service driver pcie_pme loaded
[    1.704263] pcieport 0000:00:16.0: Signaling PME through PCIe PME interrupt
[    1.704290] pcie_pme 0000:00:16.0:pcie001: service driver pcie_pme loaded
[    1.704428] pcieport 0000:00:16.1: Signaling PME through PCIe PME interrupt
[    1.704456] pcie_pme 0000:00:16.1:pcie001: service driver pcie_pme loaded
[    1.704593] pcieport 0000:00:16.2: Signaling PME through PCIe PME interrupt
[    1.704621] pcie_pme 0000:00:16.2:pcie001: service driver pcie_pme loaded
[    1.704758] pcieport 0000:00:16.3: Signaling PME through PCIe PME interrupt
[    1.704790] pcie_pme 0000:00:16.3:pcie001: service driver pcie_pme loaded
[    1.704946] pcieport 0000:00:16.4: Signaling PME through PCIe PME interrupt
[    1.704975] pcie_pme 0000:00:16.4:pcie001: service driver pcie_pme loaded
[    1.705124] pcieport 0000:00:16.5: Signaling PME through PCIe PME interrupt
[    1.705152] pcie_pme 0000:00:16.5:pcie001: service driver pcie_pme loaded
[    1.705289] pcieport 0000:00:16.6: Signaling PME through PCIe PME interrupt
[    1.705317] pcie_pme 0000:00:16.6:pcie001: service driver pcie_pme loaded
[    1.705454] pcieport 0000:00:16.7: Signaling PME through PCIe PME interrupt
[    1.705481] pcie_pme 0000:00:16.7:pcie001: service driver pcie_pme loaded
[    1.705618] pcieport 0000:00:17.0: Signaling PME through PCIe PME interrupt
[    1.705645] pcie_pme 0000:00:17.0:pcie001: service driver pcie_pme loaded
[    1.705813] pcieport 0000:00:17.1: Signaling PME through PCIe PME interrupt
[    1.705852] pcie_pme 0000:00:17.1:pcie001: service driver pcie_pme loaded
[    1.705995] pcieport 0000:00:17.2: Signaling PME through PCIe PME interrupt
[    1.706023] pcie_pme 0000:00:17.2:pcie001: service driver pcie_pme loaded
[    1.706171] pcieport 0000:00:17.3: Signaling PME through PCIe PME interrupt
[    1.706199] pcie_pme 0000:00:17.3:pcie001: service driver pcie_pme loaded
[    1.706336] pcieport 0000:00:17.4: Signaling PME through PCIe PME interrupt
[    1.706364] pcie_pme 0000:00:17.4:pcie001: service driver pcie_pme loaded
[    1.706503] pcieport 0000:00:17.5: Signaling PME through PCIe PME interrupt
[    1.706530] pcie_pme 0000:00:17.5:pcie001: service driver pcie_pme loaded
[    1.706667] pcieport 0000:00:17.6: Signaling PME through PCIe PME interrupt
[    1.706694] pcie_pme 0000:00:17.6:pcie001: service driver pcie_pme loaded
[    1.706876] pcieport 0000:00:17.7: Signaling PME through PCIe PME interrupt
[    1.706916] pcie_pme 0000:00:17.7:pcie001: service driver pcie_pme loaded
[    1.707107] pcieport 0000:00:18.0: Signaling PME through PCIe PME interrupt
[    1.707142] pcie_pme 0000:00:18.0:pcie001: service driver pcie_pme loaded
[    1.707318] pcieport 0000:00:18.1: Signaling PME through PCIe PME interrupt
[    1.707353] pcie_pme 0000:00:18.1:pcie001: service driver pcie_pme loaded
[    1.707525] pcieport 0000:00:18.2: Signaling PME through PCIe PME interrupt
[    1.707605] pcie_pme 0000:00:18.2:pcie001: service driver pcie_pme loaded
[    1.707797] pcieport 0000:00:18.3: Signaling PME through PCIe PME interrupt
[    1.707836] pcie_pme 0000:00:18.3:pcie001: service driver pcie_pme loaded
[    1.707987] pcieport 0000:00:18.4: Signaling PME through PCIe PME interrupt
[    1.708014] pcie_pme 0000:00:18.4:pcie001: service driver pcie_pme loaded
[    1.708161] pcieport 0000:00:18.5: Signaling PME through PCIe PME interrupt
[    1.708189] pcie_pme 0000:00:18.5:pcie001: service driver pcie_pme loaded
[    1.708327] pcieport 0000:00:18.6: Signaling PME through PCIe PME interrupt
[    1.708354] pcie_pme 0000:00:18.6:pcie001: service driver pcie_pme loaded
[    1.708495] pcieport 0000:00:18.7: Signaling PME through PCIe PME interrupt
[    1.708523] pcie_pme 0000:00:18.7:pcie001: service driver pcie_pme loaded
[    1.708547] pci_hotplug: PCI Hot Plug PCI Core version: 0.5
[    1.708596] pciehp 0000:00:15.0:pcie004: Slot #160 AttnBtn+ PwrCtrl+ MRL- AttnInd- PwrInd- HotPlug+ Surprise- Interlock- NoCompl+ LLActRep+
[    1.708671] pciehp 0000:00:15.0:pcie004: service driver pciehp loaded
